Component: ARM Compiler 5.06 update 7 (build 960) Tool: armlink [4d3601]

==============================================================================

Section Cross References

    startup_stm32f40xx.o(RESET) refers to startup_stm32f40xx.o(STACK) for __initial_sp
    startup_stm32f40xx.o(RESET) refers to startup_stm32f40xx.o(.text) for Reset_Handler
    startup_stm32f40xx.o(RESET) refers to stm32f4xx_it.o(.text) for NMI_Handler
    startup_stm32f40xx.o(RESET) refers to port.o(.emb_text) for SVC_Handler
    startup_stm32f40xx.o(RESET) refers to port.o(.text) for SysTick_Handler
    startup_stm32f40xx.o(RESET) refers to step_motor.o(.text) for TIM2_IRQHandler
    startup_stm32f40xx.o(RESET) refers to stop_key.o(.text) for TIM4_IRQHandler
    startup_stm32f40xx.o(RESET) refers to bsp_usart.o(.text) for USART1_IRQHandler
    startup_stm32f40xx.o(RESET) refers to rfid_r200.o(.text) for USART2_IRQHandler
    startup_stm32f40xx.o(RESET) refers to lora.o(.text) for USART3_IRQHandler
    startup_stm32f40xx.o(RESET) refers to usart_lcd.o(.text) for UART4_IRQHandler
    startup_stm32f40xx.o(.text) refers to system_stm32f4xx.o(.text) for SystemInit
    startup_stm32f40xx.o(.text) refers to entry.o(.ARM.Collect$$$$00000000) for __main
    system_stm32f4xx.o(.text) refers to system_stm32f4xx.o(.data) for .data
    main.o(.text) refers to bsp_usart.o(.text) for Usart1_Printf
    main.o(.text) refers to malloc.o(i.malloc) for malloc
    main.o(.text) refers to malloc.o(i.free) for free
    main.o(.text) refers to memcmp.o(.text) for memcmp
    main.o(.text) refers to rfid_r200.o(.text) for RFID_Read
    main.o(.text) refers to tasks.o(.text) for vTaskDelay
    main.o(.text) refers to bsp_rtc.o(.text) for MyRTC_GetUnixTimestamp
    main.o(.text) refers to memseta.o(.text) for __aeabi_memclr4
    main.o(.text) refers to rfid_r200.o(.bss) for RFID_ID_buf
    main.o(.text) refers to rfid_r200.o(.data) for card_cnt
    main.o(.text) refers to main.o(.bss) for .bss
    main.o(.text) refers to main.o(.data) for .data
    main.o(.text) refers to spi_flash.o(.text) for Egg_Queue_Add
    main.o(.text) refers to stm32f4xx_gpio.o(.text) for GPIO_ReadInputDataBit
    main.o(.text) refers to stm32f4xx_tim.o(.text) for TIM_SetCompare1
    main.o(.text) refers to usart_lcd.o(.text) for Usart_lcd_updatetime
    main.o(.text) refers to queue.o(.text) for xQueueGenericSend
    main.o(.text) refers to base64.o(.text) for base64_convertegg
    main.o(.text) refers to lora.o(.text) for Lora_CLear_Lora_buffer
    main.o(.text) refers to stop_key.o(.data) for TakeEgg_Key
    main.o(.text) refers to spi_flash.o(.data) for Egg_Queue_Flag
    main.o(.text) refers to spi_flash.o(.bss) for egg_queue_array
    main.o(.text) refers to localtime_w.o(.text) for localtime
    main.o(.text) refers to strftime.o(.text) for strftime
    main.o(.text) refers to strstr.o(.text) for strstr
    main.o(.text) refers to strchr.o(.text) for strchr
    main.o(.text) refers to strncpy.o(.text) for strncpy
    main.o(.text) refers to atoi.o(.text) for atoi
    main.o(.text) refers to ef_types.o(.text) for ef_set_int
    main.o(.text) refers to lora.o(.data) for Lora_Flag
    main.o(.text) refers to lora.o(.bss) for Lora_NID
    main.o(.text) refers to main.o(.conststring) for .conststring
    main.o(.text) refers to printfa.o(i.__0sprintf) for __2sprintf
    main.o(.text) refers to key.o(.text) for KEY_Init
    main.o(.text) refers to duoji.o(.text) for TIM4_PWM_Init
    main.o(.text) refers to easyflash.o(.text) for easyflash_init
    main.o(.text) refers to stop_key.o(.text) for Stop_Key_Init
    stm32f4xx_adc.o(.text) refers to stm32f4xx_rcc.o(.text) for RCC_APB2PeriphResetCmd
    stm32f4xx_can.o(.text) refers to stm32f4xx_rcc.o(.text) for RCC_APB1PeriphResetCmd
    stm32f4xx_cryp.o(.text) refers to stm32f4xx_rcc.o(.text) for RCC_AHB2PeriphResetCmd
    stm32f4xx_cryp_aes.o(.text) refers to stm32f4xx_cryp.o(.text) for CRYP_KeyStructInit
    stm32f4xx_cryp_des.o(.text) refers to stm32f4xx_cryp.o(.text) for CRYP_KeyStructInit
    stm32f4xx_cryp_tdes.o(.text) refers to stm32f4xx_cryp.o(.text) for CRYP_KeyStructInit
    stm32f4xx_dac.o(.text) refers to stm32f4xx_rcc.o(.text) for RCC_APB1PeriphResetCmd
    stm32f4xx_dma2d.o(.text) refers to stm32f4xx_rcc.o(.text) for RCC_AHB1PeriphResetCmd
    stm32f4xx_fsmc.o(.text) refers to stm32f4xx_fsmc.o(.constdata) for .constdata
    stm32f4xx_gpio.o(.text) refers to stm32f4xx_rcc.o(.text) for RCC_AHB1PeriphResetCmd
    stm32f4xx_hash.o(.text) refers to stm32f4xx_rcc.o(.text) for RCC_AHB2PeriphResetCmd
    stm32f4xx_hash_md5.o(.text) refers to stm32f4xx_hash.o(.text) for HASH_DeInit
    stm32f4xx_hash_sha1.o(.text) refers to stm32f4xx_hash.o(.text) for HASH_DeInit
    stm32f4xx_i2c.o(.text) refers to stm32f4xx_rcc.o(.text) for RCC_APB1PeriphResetCmd
    stm32f4xx_ltdc.o(.text) refers to stm32f4xx_rcc.o(.text) for RCC_APB2PeriphResetCmd
    stm32f4xx_pwr.o(.text) refers to stm32f4xx_rcc.o(.text) for RCC_APB1PeriphResetCmd
[...]
    RTC_SynchroShiftConfig                   0x08002d27   Thumb Code    84  stm32f4xx_rtc.o(.text)
    RTC_ITConfig                             0x08002d7b   Thumb Code    60  stm32f4xx_rtc.o(.text)
    RTC_GetFlagStatus                        0x08002db7   Thumb Code    22  stm32f4xx_rtc.o(.text)
    RTC_ClearFlag                            0x08002dcd   Thumb Code    24  stm32f4xx_rtc.o(.text)
    RTC_GetITStatus                          0x08002de5   Thumb Code    54  stm32f4xx_rtc.o(.text)
    RTC_ClearITPendingBit                    0x08002e1b   Thumb Code    24  stm32f4xx_rtc.o(.text)
    SPI_I2S_DeInit                           0x08002e69   Thumb Code   108  stm32f4xx_spi.o(.text)
    SPI_Init                                 0x08002ed5   Thumb Code    56  stm32f4xx_spi.o(.text)
    I2S_Init                                 0x08002f0d   Thumb Code   226  stm32f4xx_spi.o(.text)
    SPI_StructInit                           0x08002fef   Thumb Code    24  stm32f4xx_spi.o(.text)
    I2S_StructInit                           0x08003007   Thumb Code    18  stm32f4xx_spi.o(.text)
    SPI_Cmd                                  0x08003019   Thumb Code    20  stm32f4xx_spi.o(.text)
    I2S_Cmd                                  0x0800302d   Thumb Code    20  stm32f4xx_spi.o(.text)
    SPI_DataSizeConfig                       0x08003041   Thumb Code    16  stm32f4xx_spi.o(.text)
    SPI_BiDirectionalLineConfig              0x08003051   Thumb Code    22  stm32f4xx_spi.o(.text)
    SPI_NSSInternalSoftwareConfig            0x08003067   Thumb Code    24  stm32f4xx_spi.o(.text)
    SPI_SSOutputCmd                          0x0800307f   Thumb Code    20  stm32f4xx_spi.o(.text)
    SPI_TIModeCmd                            0x08003093   Thumb Code    20  stm32f4xx_spi.o(.text)
    I2S_FullDuplexConfig                     0x080030a7   Thumb Code    58  stm32f4xx_spi.o(.text)
    SPI_I2S_ReceiveData                      0x080030e1   Thumb Code     4  stm32f4xx_spi.o(.text)
    SPI_I2S_SendData                         0x080030e5   Thumb Code     4  stm32f4xx_spi.o(.text)
    SPI_CalculateCRC                         0x080030e9   Thumb Code    20  stm32f4xx_spi.o(.text)
    SPI_TransmitCRC                          0x080030fd   Thumb Code    10  stm32f4xx_spi.o(.text)
    SPI_GetCRC                               0x08003107   Thumb Code    12  stm32f4xx_spi.o(.text)
    SPI_GetCRCPolynomial                     0x08003113   Thumb Code     4  stm32f4xx_spi.o(.text)
    SPI_I2S_DMACmd                           0x08003117   Thumb Code    16  stm32f4xx_spi.o(.text)
    SPI_I2S_ITConfig                         0x08003127   Thumb Code    24  stm32f4xx_spi.o(.text)
    SPI_I2S_GetFlagStatus                    0x0800313f   Thumb Code    14  stm32f4xx_spi.o(.text)
    SPI_I2S_ClearFlag                        0x0800314d   Thumb Code     6  stm32f4xx_spi.o(.text)
    SPI_I2S_GetITStatus                      0x08003153   Thumb Code    42  stm32f4xx_spi.o(.text)
    SPI_I2S_ClearITPendingBit                0x0800317d   Thumb Code    14  stm32f4xx_spi.o(.text)
    TIM_DeInit                               0x080031b1   Thumb Code   284  stm32f4xx_tim.o(.text)
    TIM_TimeBaseInit                         0x080032cd   Thumb Code    96  stm32f4xx_tim.o(.text)
    TIM_TimeBaseStructInit                   0x0800332d   Thumb Code    18  stm32f4xx_tim.o(.text)
    TIM_PrescalerConfig                      0x0800333f   Thumb Code     6  stm32f4xx_tim.o(.text)
    TIM_CounterModeConfig                    0x08003345   Thumb Code    12  stm32f4xx_tim.o(.text)
    TIM_SetCounter                           0x08003351   Thumb Code     4  stm32f4xx_tim.o(.text)
    TIM_SetAutoreload                        0x08003355   Thumb Code     4  stm32f4xx_tim.o(.text)
    TIM_GetCounter                           0x08003359   Thumb Code     4  stm32f4xx_tim.o(.text)
    TIM_GetPrescaler                         0x0800335d   Thumb Code     4  stm32f4xx_tim.o(.text)
    TIM_UpdateDisableConfig                  0x08003361   Thumb Code    20  stm32f4xx_tim.o(.text)
    TIM_UpdateRequestConfig                  0x08003375   Thumb Code    20  stm32f4xx_tim.o(.text)
    TIM_ARRPreloadConfig                     0x08003389   Thumb Code    20  stm32f4xx_tim.o(.text)
    TIM_SelectOnePulseMode                   0x0800339d   Thumb Code    16  stm32f4xx_tim.o(.text)
    TIM_SetClockDivision                     0x080033ad   Thumb Code    16  stm32f4xx_tim.o(.text)
    TIM_Cmd                                  0x080033bd   Thumb Code    20  stm32f4xx_tim.o(.text)
    TIM_OC1Init                              0x080033d1   Thumb Code    88  stm32f4xx_tim.o(.text)
    TIM_OC2Init                              0x08003429   Thumb Code   120  stm32f4xx_tim.o(.text)
    TIM_OC3Init                              0x080034a1   Thumb Code   116  stm32f4xx_tim.o(.text)
    TIM_OC4Init                              0x08003515   Thumb Code    88  stm32f4xx_tim.o(.text)
    TIM_OCStructInit                         0x0800356d   Thumb Code    20  stm32f4xx_tim.o(.text)
    TIM_SelectOCxM                           0x08003581   Thumb Code   130  stm32f4xx_tim.o(.text)
    TIM_SetCompare1                          0x08003603   Thumb Code     4  stm32f4xx_tim.o(.text)
    TIM_SetCompare2                          0x08003607   Thumb Code     4  stm32f4xx_tim.o(.text)
    TIM_SetCompare3                          0x0800360b   Thumb Code     4  stm32f4xx_tim.o(.text)
    TIM_SetCompare4                          0x0800360f   Thumb Code     4  stm32f4xx_tim.o(.text)
    TIM_ForcedOC1Config                      0x08003613   Thumb Code    12  stm32f4xx_tim.o(.text)
    TIM_ForcedOC2Config                      0x0800361f   Thumb Code    20  stm32f4xx_tim.o(.text)
    TIM_ForcedOC3Config                      0x08003633   Thumb Code    12  stm32f4xx_tim.o(.text)
    TIM_ForcedOC4Config                      0x0800363f   Thumb Code    20  stm32f4xx_tim.o(.text)
    TIM_OC1PreloadConfig                     0x08003653   Thumb Code    12  stm32f4xx_tim.o(.text)
    TIM_OC2PreloadConfig                     0x0800365f   Thumb Code    20  stm32f4xx_tim.o(.text)
    TIM_OC3PreloadConfig                     0x08003673   Thumb Code    12  stm32f4xx_tim.o(.text)
    TIM_OC4PreloadConfig                     0x0800367f   Thumb Code    20  stm32f4xx_tim.o(.text)
    TIM_OC1FastConfig                        0x08003693   Thumb Code    12  stm32f4xx_tim.o(.text)
    TIM_OC2FastConfig                        0x0800369f   Thumb Code    20  stm32f4xx_tim.o(.text)
    TIM_OC3FastConfig                        0x080036b3   Thumb Code    12  stm32f4xx_tim.o(.text)
    TIM_OC4FastConfig                        0x080036bf   Thumb Code    20  stm32f4xx_tim.o(.text)
    TIM_ClearOC1Ref                          0x080036d3   Thumb Code    12  stm32f4xx_tim.o(.text)
    TIM_ClearOC2Ref                          0x080036df   Thumb Code    20  stm32f4xx_tim.o(.text)
    TIM_ClearOC3Ref                          0x080036f3   Thumb Code    12  stm32f4xx_tim.o(.text)
    TIM_ClearOC4Ref                          0x080036ff   Thumb Code    20  stm32f4xx_tim.o(.text)
    TIM_OC1PolarityConfig                    0x08003713   Thumb Code    12  stm32f4xx_tim.o(.text)
    TIM_OC1NPolarityConfig                   0x0800371f   Thumb Code    12  stm32f4xx_tim.o(.text)
    TIM_OC2PolarityConfig                    0x0800372b   Thumb Code    20  stm32f4xx_tim.o(.text)
    TIM_OC2NPolarityConfig                   0x0800373f   Thumb Code    20  stm32f4xx_tim.o(.text)
    TIM_OC3PolarityConfig                    0x08003753   Thumb Code    20  stm32f4xx_tim.o(.text)
    TIM_OC3NPolarityConfig                   0x08003767   Thumb Code    20  stm32f4xx_tim.o(.text)
    TIM_OC4PolarityConfig                    0x0800377b   Thumb Code    20  stm32f4xx_tim.o(.text)
    TIM_CCxCmd                               0x0800378f   Thumb Code    22  stm32f4xx_tim.o(.text)
    TIM_CCxNCmd                              0x080037a5   Thumb Code    22  stm32f4xx_tim.o(.text)
    TIM_SetIC4Prescaler                      0x080037bb   Thumb Code    24  stm32f4xx_tim.o(.text)
    TIM_SetIC3Prescaler                      0x080037d3   Thumb Code    16  stm32f4xx_tim.o(.text)
    TIM_SetIC2Prescaler                      0x080037e3   Thumb Code    24  stm32f4xx_tim.o(.text)
    TIM_SetIC1Prescaler                      0x08003831   Thumb Code    16  stm32f4xx_tim.o(.text)
    TIM_ICInit                               0x08003841   Thumb Code   164  stm32f4xx_tim.o(.text)
    TIM_ICStructInit                         0x080038e5   Thumb Code    16  stm32f4xx_tim.o(.text)
    TIM_PWMIConfig                           0x080038f5   Thumb Code   104  stm32f4xx_tim.o(.text)
    TIM_GetCapture1                          0x0800395d   Thumb Code     4  stm32f4xx_tim.o(.text)
    TIM_GetCapture2                          0x08003961   Thumb Code     4  stm32f4xx_tim.o(.text)
    TIM_GetCapture3                          0x08003965   Thumb Code     4  stm32f4xx_tim.o(.text)
    TIM_GetCapture4                          0x08003969   Thumb Code     4  stm32f4xx_tim.o(.text)
    TIM_BDTRConfig                           0x0800396d   Thumb Code    34  stm32f4xx_tim.o(.text)
    TIM_BDTRStructInit                       0x0800398f   Thumb Code    18  stm32f4xx_tim.o(.text)
    TIM_CtrlPWMOutputs                       0x080039a1   Thumb Code    22  stm32f4xx_tim.o(.text)
    TIM_SelectCOM                            0x080039b7   Thumb Code    20  stm32f4xx_tim.o(.text)
    TIM_CCPreloadControl                     0x080039cb   Thumb Code    20  stm32f4xx_tim.o(.text)
    TIM_ITConfig                             0x080039df   Thumb Code    16  stm32f4xx_tim.o(.text)
    TIM_GenerateEvent                        0x080039ef   Thumb Code     4  stm32f4xx_tim.o(.text)
    TIM_GetFlagStatus                        0x080039f3   Thumb Code    14  stm32f4xx_tim.o(.text)
    TIM_ClearFlag                            0x08003a01   Thumb Code     6  stm32f4xx_tim.o(.text)
    TIM_GetITStatus                          0x08003a07   Thumb Code    24  stm32f4xx_tim.o(.text)
    TIM_ClearITPendingBit                    0x08003a1f   Thumb Code     6  stm32f4xx_tim.o(.text)
    TIM_DMAConfig                            0x08003a25   Thumb Code     8  stm32f4xx_tim.o(.text)
    TIM_DMACmd                               0x08003a2d   Thumb Code    16  stm32f4xx_tim.o(.text)
    TIM_SelectCCDMA                          0x08003a3d   Thumb Code    20  stm32f4xx_tim.o(.text)
    TIM_InternalClockConfig                  0x08003a51   Thumb Code    10  stm32f4xx_tim.o(.text)
    TIM_SelectInputTrigger                   0x08003a5b   Thumb Code    12  stm32f4xx_tim.o(.text)
    TIM_ITRxExternalClockConfig              0x08003a67   Thumb Code    18  stm32f4xx_tim.o(.text)
    TIM_TIxExternalClockConfig               0x08003a79   Thumb Code    46  stm32f4xx_tim.o(.text)
    TIM_ETRConfig                            0x08003aa7   Thumb Code    24  stm32f4xx_tim.o(.text)
    TIM_ETRClockMode1Config                  0x08003abf   Thumb Code    18  stm32f4xx_tim.o(.text)
    TIM_ETRClockMode2Config                  0x08003ad1   Thumb Code    18  stm32f4xx_tim.o(.text)
    TIM_SelectOutputTrigger                  0x08003ae3   Thumb Code    16  stm32f4xx_tim.o(.text)
    TIM_SelectSlaveMode                      0x08003af3   Thumb Code    16  stm32f4xx_tim.o(.text)
    TIM_SelectMasterSlaveMode                0x08003b03   Thumb Code    16  stm32f4xx_tim.o(.text)
    TIM_EncoderInterfaceConfig               0x08003b13   Thumb Code    50  stm32f4xx_tim.o(.text)
    TIM_SelectHallSensor                     0x08003b45   Thumb Code    20  stm32f4xx_tim.o(.text)
    TIM_RemapConfig                          0x08003b59   Thumb Code     6  stm32f4xx_tim.o(.text)
    USART_DeInit                             0x08003b8d   Thumb Code   138  stm32f4xx_usart.o(.text)
    USART_Init                               0x08003c17   Thumb Code   164  stm32f4xx_usart.o(.text)
    USART_StructInit                         0x08003cbb   Thumb Code    22  stm32f4xx_usart.o(.text)
    USART_ClockInit                          0x08003cd1   Thumb Code    28  stm32f4xx_usart.o(.text)
    USART_ClockStructInit                    0x08003ced   Thumb Code    12  stm32f4xx_usart.o(.text)
    USART_Cmd                                0x08003cf9   Thumb Code    20  stm32f4xx_usart.o(.text)
    USART_SetPrescaler                       0x08003d0d   Thumb Code    16  stm32f4xx_usart.o(.text)
    USART_OverSampling8Cmd                   0x08003d1d   Thumb Code    20  stm32f4xx_usart.o(.text)
    USART_OneBitMethodCmd                    0x08003d31   Thumb Code    20  stm32f4xx_usart.o(.text)
    USART_SendData                           0x08003d45   Thumb Code     8  stm32f4xx_usart.o(.text)
    USART_ReceiveData                        0x08003d4d   Thumb Code     8  stm32f4xx_usart.o(.text)
    USART_SetAddress                         0x08003d55   Thumb Code    16  stm32f4xx_usart.o(.text)
    USART_ReceiverWakeUpCmd                  0x08003d65   Thumb Code    20  stm32f4xx_usart.o(.text)
    USART_WakeUpConfig                       0x08003d79   Thumb Code    16  stm32f4xx_usart.o(.text)
    USART_LINBreakDetectLengthConfig         0x08003d89   Thumb Code    16  stm32f4xx_usart.o(.text)
    USART_LINCmd                             0x08003d99   Thumb Code    20  stm32f4xx_usart.o(.text)
    USART_SendBreak                          0x08003dad   Thumb Code    10  stm32f4xx_usart.o(.text)
    USART_HalfDuplexCmd                      0x08003db7   Thumb Code    20  stm32f4xx_usart.o(.text)
    USART_SetGuardTime                       0x08003dcb   Thumb Code    16  stm32f4xx_usart.o(.text)
    USART_SmartCardCmd                       0x08003ddb   Thumb Code    20  stm32f4xx_usart.o(.text)
    USART_SmartCardNACKCmd                   0x08003def   Thumb Code    20  stm32f4xx_usart.o(.text)
    USART_IrDAConfig                         0x08003e03   Thumb Code    16  stm32f4xx_usart.o(.text)
    USART_IrDACmd                            0x08003e13   Thumb Code    20  stm32f4xx_usart.o(.text)
    USART_DMACmd                             0x08003e27   Thumb Code    16  stm32f4xx_usart.o(.text)
    USART_ITConfig                           0x08003e37   Thumb Code    48  stm32f4xx_usart.o(.text)
    USART_GetFlagStatus                      0x08003e67   Thumb Code    14  stm32f4xx_usart.o(.text)
    USART_ClearFlag                          0x08003e75   Thumb Code     6  stm32f4xx_usart.o(.text)
    USART_GetITStatus                        0x08003e7b   Thumb Code    62  stm32f4xx_usart.o(.text)
    USART_ClearITPendingBit                  0x08003eb9   Thumb Code    12  stm32f4xx_usart.o(.text)
    Delay_us                                 0x08003ee5   Thumb Code    22  delay.o(.text)
    Delay_ms                                 0x08003efb   Thumb Code    26  delay.o(.text)
    Delay_xms                                0x08003f15   Thumb Code    26  delay.o(.text)
    Usart1_Init                              0x08003f31   Thumb Code   198  bsp_usart.o(.text)
    Usart_SendByte                           0x08003ff7   Thumb Code    22  bsp_usart.o(.text)
    Usart1_Printf                            0x0800400d   Thumb Code    82  bsp_usart.o(.text)
    fputc                                    0x0800405f   Thumb Code    16  bsp_usart.o(.text)
    easyflash_delrecover                     0x0800406f   Thumb Code    78  bsp_usart.o(.text)
    USART1_IRQHandler                        0x080040bd   Thumb Code   154  bsp_usart.o(.text)
    RFID_SendCmd                             0x08004245   Thumb Code    46  rfid_r200.o(.text)
    RFID_USART_Config                        0x08004273   Thumb Code   192  rfid_r200.o(.text)
    RFID_Init                                0x08004333   Thumb Code    16  rfid_r200.o(.text)
    RFID_Read                                0x08004343   Thumb Code     8  rfid_r200.o(.text)
    RFID_Heartbreat                          0x0800434b   Thumb Code    66  rfid_r200.o(.text)
    RFID_DataProcess                         0x0800438d   Thumb Code   362  rfid_r200.o(.text)
    RFID_NeglectID                           0x080044f7   Thumb Code    80  rfid_r200.o(.text)
    RFID_CleanIDBuf                          0x08004547   Thumb Code    20  rfid_r200.o(.text)
    USART2_IRQHandler                        0x0800455b   Thumb Code    98  rfid_r200.o(.text)
    RTC_TimeAndDate_Set                      0x08004669   Thumb Code   100  bsp_rtc.o(.text)
    MyRTC_SetTime                            0x080046cd   Thumb Code    74  bsp_rtc.o(.text)
    RTC_CLK_Config                           0x08004717   Thumb Code    84  bsp_rtc.o(.text)
    RTC_CLK_Config_Backup                    0x0800476b   Thumb Code   152  bsp_rtc.o(.text)
    MyRTC_Init                               0x08004803   Thumb Code    12  bsp_rtc.o(.text)
    MyRTC_GetTimestamp                       0x0800480f   Thumb Code    74  bsp_rtc.o(.text)
    MyRTC_GetUnixTimestamp                   0x08004859   Thumb Code    72  bsp_rtc.o(.text)
    MyRTC_GetTime                            0x080048a1   Thumb Code    98  bsp_rtc.o(.text)
    Timestamp_Set_RTC_Time                   0x08004903   Thumb Code   206  bsp_rtc.o(.text)
    MyRTC_Lora_GetTime                       0x080049d1   Thumb Code    92  bsp_rtc.o(.text)
    IWDG_Init                                0x08004afd   Thumb Code    28  iwdg.o(.text)
    IWDG_Feed                                0x08004b19   Thumb Code    18  iwdg.o(.text)
    SPI_FLASH_SendByte                       0x08004b31   Thumb Code    90  spi_flash.o(.text)
    SPI_FLASH_ReadID                         0x08004b8b   Thumb Code    66  spi_flash.o(.text)
    SPI_FLASH_Init                           0x08004bcd   Thumb Code   212  spi_flash.o(.text)
    SPI_FLASH_WaitForWriteEnd                0x08004ca1   Thumb Code    68  spi_flash.o(.text)
    SPI_FLASH_WriteEnable                    0x08004ce5   Thumb Code    34  spi_flash.o(.text)
    SPI_FLASH_SectorErase                    0x08004d07   Thumb Code    68  spi_flash.o(.text)
    SPI_FLASH_Erase                          0x08004d4b   Thumb Code    30  spi_flash.o(.text)
    SPI_FLASH_SectorErase_NOS                0x08004d69   Thumb Code    68  spi_flash.o(.text)
    SPI_FLASH_BulkErase                      0x08004dad   Thumb Code    40  spi_flash.o(.text)
    SPI_FLASH_PageWrite                      0x08004dd5   Thumb Code    98  spi_flash.o(.text)
    SPI_FLASH_BufferWrite                    0x08004e37   Thumb Code   186  spi_flash.o(.text)
    SPI_FLASH_BufferRead                     0x08004ef1   Thumb Code   174  spi_flash.o(.text)
    SPI_FLASH_ReadDeviceID                   0x08004f9f   Thumb Code    60  spi_flash.o(.text)
    SPI_FLASH_StartReadSequence              0x08004fdb   Thumb Code    44  spi_flash.o(.text)
    SPI_FLASH_ReadByte                       0x08005007   Thumb Code     4  spi_flash.o(.text)
    SPI_FLASH_SendHalfWord                   0x0800500b   Thumb Code    94  spi_flash.o(.text)
    SPI_Flash_PowerDown                      0x08005069   Thumb Code    34  spi_flash.o(.text)
    SPI_Flash_WAKEUP                         0x0800508b   Thumb Code    34  spi_flash.o(.text)
    Egg_Queue_Clear                          0x080050ad   Thumb Code    30  spi_flash.o(.text)
    Egg_Queue_Load                           0x080050cb   Thumb Code   120  spi_flash.o(.text)
    Egg_Queue_Exists                         0x08005143   Thumb Code    30  spi_flash.o(.text)
    Egg_Queue_Init                           0x08005161   Thumb Code    36  spi_flash.o(.text)
    Egg_Queue_Save                           0x08005185   Thumb Code   120  spi_flash.o(.text)
    Egg_Queue_Add                            0x080051fd   Thumb Code   104  spi_flash.o(.text)
    Egg_Queue_Reset                          0x08005265   Thumb Code    54  spi_flash.o(.text)
    Usart_lcd_SendByte                       0x08005539   Thumb Code    22  usart_lcd.o(.text)
    Usart_lcd_Printf_OS                      0x0800554f   Thumb Code    90  usart_lcd.o(.text)
    Usart_lcd_Printf                         0x080055a9   Thumb Code    58  usart_lcd.o(.text)
    CRC16_MODBUS                             0x080055e3   Thumb Code   128  usart_lcd.o(.text)
    Usart_lcd_switch                         0x08005663   Thumb Code    40  usart_lcd.o(.text)
    Usart_lcd_qrcode_update                  0x0800568b   Thumb Code   116  usart_lcd.o(.text)
    Usart_lcd_qrcode_show_info               0x080056ff   Thumb Code    38  usart_lcd.o(.text)
    Usart_lcd_error_takeegg                  0x08005725   Thumb Code    22  usart_lcd.o(.text)
    Usart_lcd_error_showfull                 0x0800573b   Thumb Code    22  usart_lcd.o(.text)
    Usart_lcd_error_showerror                0x08005751   Thumb Code    22  usart_lcd.o(.text)
    Usart_lcd_takeegg_updateegg              0x08005767   Thumb Code    48  usart_lcd.o(.text)
    Usart_lcd_adjust_adjust                  0x08005797   Thumb Code     4  usart_lcd.o(.text)
    Usart_lcd_adjust_adjusting               0x0800579b   Thumb Code    22  usart_lcd.o(.text)
    Usart_lcd_adjust_success                 0x080057b1   Thumb Code    16  usart_lcd.o(.text)
    Usart_lcd_working                        0x080057c1   Thumb Code     4  usart_lcd.o(.text)
    Usart_lcd_noegg                          0x080057c5   Thumb Code     4  usart_lcd.o(.text)
    Usart_lcd_beep                           0x080057c9   Thumb Code     4  usart_lcd.o(.text)
    Usart_lcd_updatetime                     0x080057cd   Thumb Code    44  usart_lcd.o(.text)
    Usart_lcd_shownosignal                   0x080057f9   Thumb Code     4  usart_lcd.o(.text)
    Usart_lcd_showsignal                     0x080057fd   Thumb Code     4  usart_lcd.o(.text)
    Usart_lcd_heartbeat                      0x08005801   Thumb Code    54  usart_lcd.o(.text)
    UART4_IRQHandler                         0x08005837   Thumb Code   142  usart_lcd.o(.text)
    Usart_lcd_Init                           0x080058c5   Thumb Code   652  usart_lcd.o(.text)
    STEP_Init                                0x08005b51   Thumb Code   260  step_motor.o(.text)
    Step_ON                                  0x08005c55   Thumb Code   152  step_motor.o(.text)
    Step_OFF                                 0x08005ced   Thumb Code   110  step_motor.o(.text)
    Step1_ON                                 0x08005d5b   Thumb Code    44  step_motor.o(.text)
    Step1_OFF                                0x08005d87   Thumb Code    32  step_motor.o(.text)
    Step1_Move                               0x08005da7   Thumb Code     8  step_motor.o(.text)
    TIM2_IRQHandler                          0x08005daf   Thumb Code    30  step_motor.o(.text)
    Stop_Key_TIM_Init                        0x08005dd9   Thumb Code    88  stop_key.o(.text)
    Stop_Key_Init                            0x08005e31   Thumb Code    98  stop_key.o(.text)
    TIM4_IRQHandler                          0x08005e93   Thumb Code   346  stop_key.o(.text)
    TIM4_PWM_Init                            0x08006041   Thumb Code   152  duoji.o(.text)
    KEY_Init                                 0x080060e1   Thumb Code    40  key.o(.text)
    KEY_Scan                                 0x08006109   Thumb Code    72  key.o(.text)
    base64_convertegg                        0x08006159   Thumb Code   124  base64.o(.text)
    base64_encode                            0x080061d5   Thumb Code   380  base64.o(.text)
    Lora_Res_Config                          0x080063b1   Thumb Code    42  lora.o(.text)
    Lora_Uart_Config                         0x080063db   Thumb Code   186  lora.o(.text)
    Lora_Send_Char                           0x08006495   Thumb Code    26  lora.o(.text)
    Lora_Send_buff                           0x080064af   Thumb Code    24  lora.o(.text)
    Lora_Clear_Struct                        0x080064c7   Thumb Code    20  lora.o(.text)
    Lora_SendCmd                             0x080064db   Thumb Code    98  lora.o(.text)
    Lora_SetAT                               0x0800653d   Thumb Code   274  lora.o(.text)
    Lora_GetID                               0x0800664f   Thumb Code    58  lora.o(.text)
    Lora_EnterAT                             0x08006689   Thumb Code    48  lora.o(.text)
    Lora_Wakeup                              0x080066b9   Thumb Code    10  lora.o(.text)
    Lora_Init                                0x080066c3   Thumb Code    76  lora.o(.text)
    USART3_IRQHandler                        0x0800670f   Thumb Code   100  lora.o(.text)
    Lora_printf                              0x08006773   Thumb Code   528  lora.o(.text)
    Lora_CLear_Lora_buffer                   0x08006983   Thumb Code    38  lora.o(.text)
    Lora_Write_takeegg_buffer                0x080069a9   Thumb Code    20  lora.o(.text)
    Lora_Read_takeegg_buffer                 0x080069bd   Thumb Code    24  lora.o(.text)
    Lora_Array_clear                         0x080069d5   Thumb Code    52  lora.o(.text)
    Lora_Flash_to_queue                      0x08006a09   Thumb Code   260  lora.o(.text)
    Lora_Buffer_Send_to_Flash                0x08006b0d   Thumb Code   122  lora.o(.text)
    Lora_Buffer_LastSend_to_Flash            0x08006b87   Thumb Code   120  lora.o(.text)
    Lora_Buffer_Store_to_Flash               0x08006bff   Thumb Code   120  lora.o(.text)
    vListInitialise                          0x08006d0d   Thumb Code    22  list.o(.text)
    vListInitialiseItem                      0x08006d23   Thumb Code     6  list.o(.text)
    vListInsertEnd                           0x08006d29   Thumb Code    24  list.o(.text)
    vListInsert                              0x08006d41   Thumb Code    48  list.o(.text)
    uxListRemove                             0x08006d71   Thumb Code    38  list.o(.text)
    xQueueGenericReset                       0x08006d99   Thumb Code   166  queue.o(.text)
    xQueueGenericCreate                      0x08006e3f   Thumb Code    88  queue.o(.text)
    xQueueGenericSend                        0x08006ff3   Thumb Code   354  queue.o(.text)
    xQueueCreateMutex                        0x08007155   Thumb Code    36  queue.o(.text)
    xQueueGenericSendFromISR                 0x08007179   Thumb Code   268  queue.o(.text)
    xQueueGiveFromISR                        0x08007285   Thumb Code   194  queue.o(.text)
    xQueueReceive                            0x0800736d   Thumb Code   304  queue.o(.text)
    xQueueSemaphoreTake                      0x0800749d   Thumb Code   356  queue.o(.text)
    xQueuePeek                               0x08007601   Thumb Code   296  queue.o(.text)
    xQueueReceiveFromISR                     0x08007729   Thumb Code   176  queue.o(.text)
    xQueuePeekFromISR                        0x080077d9   Thumb Code   114  queue.o(.text)
    uxQueueMessagesWaiting                   0x0800784b   Thumb Code    36  queue.o(.text)
    uxQueueSpacesAvailable                   0x0800786f   Thumb Code    40  queue.o(.text)
    uxQueueMessagesWaitingFromISR            0x08007897   Thumb Code    26  queue.o(.text)
    vQueueUnregisterQueue                    0x080078b1   Thumb Code    60  queue.o(.text)
    vQueueDelete                             0x080078ed   Thumb Code    38  queue.o(.text)
    xQueueIsQueueEmptyFromISR                0x08007913   Thumb Code    34  queue.o(.text)
    xQueueIsQueueFullFromISR                 0x08007935   Thumb Code    38  queue.o(.text)
    vQueueAddToRegistry                      0x0800795b   Thumb Code    80  queue.o(.text)
    pcQueueGetName                           0x080079ab   Thumb Code    56  queue.o(.text)
    vQueueWaitForMessageRestricted           0x080079e3   Thumb Code    68  queue.o(.text)
    xQueueCreateSet                          0x08007a27   Thumb Code     8  queue.o(.text)
    xQueueAddToSet                           0x08007a2f   Thumb Code    42  queue.o(.text)
    xQueueRemoveFromSet                      0x08007a59   Thumb Code    34  queue.o(.text)
    xQueueSelectFromSet                      0x08007a7b   Thumb Code    18  queue.o(.text)
    xQueueSelectFromSetFromISR               0x08007a8d   Thumb Code    18  queue.o(.text)
    xTaskCreate                              0x08007b97   Thumb Code    92  tasks.o(.text)
    vTaskDelete                              0x08007bf3   Thumb Code   160  tasks.o(.text)
    xTaskIncrementTick                       0x08007c93   Thumb Code   298  tasks.o(.text)
    xTaskResumeAll                           0x08007dbd   Thumb Code   338  tasks.o(.text)
    vTaskSuspendAll                          0x08007f8d   Thumb Code    10  tasks.o(.text)
    xTaskDelayUntil                          0x08007f97   Thumb Code   140  tasks.o(.text)
    vTaskDelay                               0x08008023   Thumb Code    66  tasks.o(.text)
    eTaskGetState                            0x08008065   Thumb Code   104  tasks.o(.text)
    uxTaskPriorityGet                        0x080080cd   Thumb Code    24  tasks.o(.text)
    uxTaskPriorityGetFromISR                 0x080080e5   Thumb Code    40  tasks.o(.text)
    vTaskPrioritySet                         0x0800810d   Thumb Code   216  tasks.o(.text)
    vTaskSwitchContext                       0x080081e5   Thumb Code   126  tasks.o(.text)
    vTaskSuspend                             0x08008263   Thumb Code   188  tasks.o(.text)
    vTaskResume                              0x0800834f   Thumb Code   154  tasks.o(.text)
    xTaskResumeFromISR                       0x080083e9   Thumb Code   176  tasks.o(.text)
    vTaskStartScheduler                      0x080084eb   Thumb Code    96  tasks.o(.text)
    vTaskEndScheduler                        0x0800854b   Thumb Code    24  tasks.o(.text)
    xTaskGetTickCount                        0x08008563   Thumb Code     6  tasks.o(.text)
    xTaskGetTickCountFromISR                 0x08008569   Thumb Code    12  tasks.o(.text)
    uxTaskGetNumberOfTasks                   0x08008575   Thumb Code     6  tasks.o(.text)
    pcTaskGetName                            0x0800857b   Thumb Code    38  tasks.o(.text)
    xTaskCatchUpTicks                        0x080085a1   Thumb Code    52  tasks.o(.text)
    vTaskPlaceOnEventList                    0x080085d5   Thumb Code    46  tasks.o(.text)
    vTaskPlaceOnUnorderedEventList           0x08008603   Thumb Code   104  tasks.o(.text)
    vTaskPlaceOnEventListRestricted          0x0800866b   Thumb Code    80  tasks.o(.text)
    xTaskRemoveFromEventList                 0x080086bb   Thumb Code   240  tasks.o(.text)
    vTaskRemoveFromUnorderedEventList        0x080087ab   Thumb Code   196  tasks.o(.text)
    vTaskSetTimeOutState                     0x0800886f   Thumb Code    44  tasks.o(.text)
    vTaskInternalSetTimeOutState             0x0800889b   Thumb Code    12  tasks.o(.text)
    xTaskCheckForTimeOut                     0x080088a7   Thumb Code   116  tasks.o(.text)
    vTaskMissedYield                         0x0800891b   Thumb Code     8  tasks.o(.text)
    xTaskGetCurrentTaskHandle                0x08008923   Thumb Code     6  tasks.o(.text)
    xTaskGetSchedulerState                   0x08008929   Thumb Code    22  tasks.o(.text)
    xTaskPriorityInherit                     0x0800893f   Thumb Code   168  tasks.o(.text)
    xTaskPriorityDisinherit                  0x080089e7   Thumb Code   174  tasks.o(.text)
    vTaskPriorityDisinheritAfterTimeout      0x08008a95   Thumb Code   200  tasks.o(.text)
    uxTaskResetEventItemValue                0x08008b5d   Thumb Code    20  tasks.o(.text)
    pvTaskIncrementMutexHeldCount            0x08008b71   Thumb Code    18  tasks.o(.text)
    ulTaskGenericNotifyTake                  0x08008b83   Thumb Code   138  tasks.o(.text)
    xTaskGenericNotifyWait                   0x08008c0d   Thumb Code   174  tasks.o(.text)
    xTaskGenericNotify                       0x08008cbb   Thumb Code   318  tasks.o(.text)
    xTaskGenericNotifyFromISR                0x08008df9   Thumb Code   388  tasks.o(.text)
    vTaskGenericNotifyGiveFromISR            0x08008f7d   Thumb Code   282  tasks.o(.text)
    xTaskGenericNotifyStateClear             0x08009097   Thumb Code    64  tasks.o(.text)
    ulTaskGenericNotifyValueClear            0x080090d7   Thumb Code    40  tasks.o(.text)
    xTimerCreateTimerTask                    0x080093fb   Thumb Code    56  timers.o(.text)
    xTimerCreate                             0x08009433   Thumb Code    94  timers.o(.text)
    xTimerGenericCommand                     0x08009491   Thumb Code    96  timers.o(.text)
    xTimerGetTimerDaemonTaskHandle           0x080094f1   Thumb Code    24  timers.o(.text)
    xTimerGetPeriod                          0x08009509   Thumb Code    22  timers.o(.text)
    vTimerSetReloadMode                      0x0800951f   Thumb Code    50  timers.o(.text)
    xTimerGetReloadMode                      0x08009551   Thumb Code    44  timers.o(.text)
    uxTimerGetReloadMode                     0x0800957d   Thumb Code     2  timers.o(.text)
    xTimerGetExpiryTime                      0x0800957f   Thumb Code    22  timers.o(.text)
    pcTimerGetName                           0x08009595   Thumb Code    22  timers.o(.text)
    xTimerIsTimerActive                      0x080095ab   Thumb Code    46  timers.o(.text)
    pvTimerGetTimerID                        0x080095d9   Thumb Code   140  timers.o(.text)
    vTimerSetTimerID                         0x08009665   Thumb Code    38  timers.o(.text)
    xTimerPendFunctionCallFromISR            0x0800968b   Thumb Code    34  timers.o(.text)
    xTimerPendFunctionCall                   0x080096ad   Thumb Code    62  timers.o(.text)
    pxPortInitialiseStack                    0x0800979f   Thumb Code    32  port.o(.text)
    vPortSetupTimerInterrupt                 0x080097bf   Thumb Code    32  port.o(.text)
    xPortStartScheduler                      0x080097df   Thumb Code   170  port.o(.text)
    vPortEndScheduler                        0x08009889   Thumb Code    24  port.o(.text)
    vPortEnterCritical                       0x080098a1   Thumb Code    52  port.o(.text)
    vPortExitCritical                        0x080098d5   Thumb Code    34  port.o(.text)
    SysTick_Handler                          0x080098f7   Thumb Code    40  port.o(.text)
    vPortValidateInterruptPriority           0x0800991f   Thumb Code    72  port.o(.text)
    pvPortMalloc                             0x08009a01   Thumb Code   200  heap_4.o(.text)
    vPortFree                                0x08009ac9   Thumb Code   100  heap_4.o(.text)
    xPortGetFreeHeapSize                     0x08009b2d   Thumb Code     8  heap_4.o(.text)
    xPortGetMinimumEverFreeHeapSize          0x08009b35   Thumb Code     8  heap_4.o(.text)
    vPortInitialiseBlocks                    0x08009b3d   Thumb Code     2  heap_4.o(.text)
    pvPortCalloc                             0x08009b3f   Thumb Code    38  heap_4.o(.text)
    vPortGetHeapStats                        0x08009b65   Thumb Code   104  heap_4.o(.text)
    ef_types_init                            0x08009c4d   Thumb Code     4  ef_types.o(.text)
    ef_get_bool                              0x08009c51   Thumb Code    34  ef_types.o(.text)
    ef_get_long                              0x08009c73   Thumb Code    30  ef_types.o(.text)
    ef_get_char                              0x08009c91   Thumb Code    10  ef_types.o(.text)
    ef_get_short                             0x08009c9b   Thumb Code    10  ef_types.o(.text)
    ef_get_int                               0x08009ca5   Thumb Code     2  ef_types.o(.text)
    ef_get_double                            0x08009ca7   Thumb Code    32  ef_types.o(.text)
    ef_get_float                             0x08009cc7   Thumb Code    20  ef_types.o(.text)
    ef_get_bool_array                        0x08009dc3   Thumb Code     4  ef_types.o(.text)
    ef_get_char_array                        0x08009dc7   Thumb Code     4  ef_types.o(.text)
    ef_get_short_array                       0x08009dcb   Thumb Code     4  ef_types.o(.text)
    ef_get_int_array                         0x08009dcf   Thumb Code     4  ef_types.o(.text)
    ef_get_long_array                        0x08009dd3   Thumb Code     4  ef_types.o(.text)
    ef_get_float_array                       0x08009dd7   Thumb Code     4  ef_types.o(.text)
    ef_get_double_array                      0x08009ddb   Thumb Code     4  ef_types.o(.text)
    ef_get_string_array                      0x08009ddf   Thumb Code     4  ef_types.o(.text)
    egg_set_cb                               0x08009de3   Thumb Code   188  ef_types.o(.text)
    egg_get_cb                               0x08009e9f   Thumb Code   156  ef_types.o(.text)
    ef_get_struct                            0x08009f3b   Thumb Code    34  ef_types.o(.text)
    ef_set_bool                              0x08009f5d   Thumb Code    26  ef_types.o(.text)
    ef_set_long                              0x08009f77   Thumb Code    40  ef_types.o(.text)
    ef_set_char                              0x08009f9f   Thumb Code     2  ef_types.o(.text)
    ef_set_short                             0x08009fa1   Thumb Code     2  ef_types.o(.text)
    ef_set_int                               0x08009fa3   Thumb Code     2  ef_types.o(.text)
    ef_set_double                            0x08009fa5   Thumb Code    56  ef_types.o(.text)
    ef_set_float                             0x08009fdd   Thumb Code    24  ef_types.o(.text)
    ef_set_bool_array                        0x0800a177   Thumb Code     4  ef_types.o(.text)
    ef_set_char_array                        0x0800a17b   Thumb Code     4  ef_types.o(.text)
    ef_set_short_array                       0x0800a17f   Thumb Code     4  ef_types.o(.text)
    ef_set_int_array                         0x0800a183   Thumb Code     4  ef_types.o(.text)
    ef_set_long_array                        0x0800a187   Thumb Code     4  ef_types.o(.text)
    ef_set_float_array                       0x0800a18b   Thumb Code     4  ef_types.o(.text)
    ef_set_double_array                      0x0800a18f   Thumb Code     4  ef_types.o(.text)
    ef_set_string_array                      0x0800a193   Thumb Code     4  ef_types.o(.text)
    ef_set_struct                            0x0800a197   Thumb Code    44  ef_types.o(.text)
    cJSON_GetErrorPtr                        0x0800a1d9   Thumb Code     6  cjson.o(.text)
    cJSON_InitHooks                          0x0800a221   Thumb Code    30  cjson.o(.text)
    cJSON_Delete                             0x0800a23f   Thumb Code    66  cjson.o(.text)
    cJSON_ParseWithOpts                      0x0800ab55   Thumb Code    90  cjson.o(.text)
    cJSON_Parse                              0x0800abaf   Thumb Code     6  cjson.o(.text)
    cJSON_Print                              0x0800b1bb   Thumb Code     8  cjson.o(.text)
    cJSON_PrintUnformatted                   0x0800b1c3   Thumb Code     8  cjson.o(.text)
    cJSON_PrintBuffered                      0x0800b1cb   Thumb Code    38  cjson.o(.text)
    cJSON_GetArraySize                       0x0800b1f1   Thumb Code    16  cjson.o(.text)
    cJSON_GetArrayItem                       0x0800b201   Thumb Code    18  cjson.o(.text)
    cJSON_GetObjectItem                      0x0800b213   Thumb Code    28  cjson.o(.text)
    cJSON_HasObjectItem                      0x0800b22f   Thumb Code    32  cjson.o(.text)
    cJSON_AddItemToArray                     0x0800b27b   Thumb Code    28  cjson.o(.text)
    cJSON_AddItemToObject                    0x0800b297   Thumb Code    40  cjson.o(.text)
    cJSON_AddItemToObjectCS                  0x0800b2bf   Thumb Code    56  cjson.o(.text)
    cJSON_AddItemReferenceToArray            0x0800b2f7   Thumb Code    20  cjson.o(.text)
    cJSON_AddItemReferenceToObject           0x0800b30b   Thumb Code    24  cjson.o(.text)
    cJSON_DetachItemFromArray                0x0800b323   Thumb Code    52  cjson.o(.text)
    cJSON_DeleteItemFromArray                0x0800b357   Thumb Code    14  cjson.o(.text)
    cJSON_DetachItemFromObject               0x0800b365   Thumb Code    46  cjson.o(.text)
    cJSON_DeleteItemFromObject               0x0800b393   Thumb Code    14  cjson.o(.text)
    cJSON_InsertItemInArray                  0x0800b3a1   Thumb Code    44  cjson.o(.text)
    cJSON_ReplaceItemInArray                 0x0800b3cd   Thumb Code    62  cjson.o(.text)
    cJSON_ReplaceItemInObject                0x0800b40b   Thumb Code    58  cjson.o(.text)
    cJSON_CreateNull                         0x0800b445   Thumb Code    16  cjson.o(.text)
    cJSON_CreateTrue                         0x0800b455   Thumb Code    16  cjson.o(.text)
    cJSON_CreateFalse                        0x0800b465   Thumb Code    16  cjson.o(.text)
    cJSON_CreateBool                         0x0800b475   Thumb Code    24  cjson.o(.text)
    cJSON_CreateNumber                       0x0800b48d   Thumb Code    48  cjson.o(.text)
    cJSON_CreateString                       0x0800b4bd   Thumb Code    28  cjson.o(.text)
    cJSON_CreateArray                        0x0800b4d9   Thumb Code    16  cjson.o(.text)
    cJSON_CreateObject                       0x0800b4e9   Thumb Code    16  cjson.o(.text)
    cJSON_CreateIntArray                     0x0800b4f9   Thumb Code    60  cjson.o(.text)
    cJSON_CreateFloatArray                   0x0800b535   Thumb Code    60  cjson.o(.text)
    cJSON_CreateDoubleArray                  0x0800b571   Thumb Code    56  cjson.o(.text)
    cJSON_CreateStringArray                  0x0800b5a9   Thumb Code    52  cjson.o(.text)
    cJSON_Duplicate                          0x0800b5dd   Thumb Code   116  cjson.o(.text)
    cJSON_Minify                             0x0800b651   Thumb Code   144  cjson.o(.text)
    s2j_init                                 0x0800b7c9   Thumb Code    40  s2j.o(.text)
    ef_port_init                             0x0800b7fd   Thumb Code    20  ef_port.o(.text)
    ef_port_read                             0x0800b811   Thumb Code    20  ef_port.o(.text)
    ef_port_erase                            0x0800b825   Thumb Code    20  ef_port.o(.text)
    ef_port_write                            0x0800b839   Thumb Code    20  ef_port.o(.text)
    ef_port_env_lock                         0x0800b84d   Thumb Code    10  ef_port.o(.text)
    ef_port_env_unlock                       0x0800b857   Thumb Code    14  ef_port.o(.text)
    ef_log_debug                             0x0800b865   Thumb Code     2  ef_port.o(.text)
    ef_print                                 0x0800b867   Thumb Code    28  ef_port.o(.text)
    ef_log_info                              0x0800b883   Thumb Code    38  ef_port.o(.text)
    easyflash_init                           0x0800b8c5   Thumb Code    68  easyflash.o(.text)
    ef_get_env_obj                           0x0800be91   Thumb Code    44  ef_env.o(.text)
    ef_get_env_blob                          0x0800bebd   Thumb Code    92  ef_env.o(.text)
    ef_get_env                               0x0800bf19   Thumb Code    46  ef_env.o(.text)
    ef_read_env_value                        0x0800bf47   Thumb Code    72  ef_env.o(.text)
    ef_del_env                               0x0800c547   Thumb Code    44  ef_env.o(.text)
    ef_del_and_save_env                      0x0800c573   Thumb Code     2  ef_env.o(.text)
    ef_set_env_blob                          0x0800c575   Thumb Code    50  ef_env.o(.text)
    ef_set_env                               0x0800c5a7   Thumb Code    24  ef_env.o(.text)
    ef_set_and_save_env                      0x0800c5bf   Thumb Code    24  ef_env.o(.text)
    ef_save_env                              0x0800c5d7   Thumb Code     4  ef_env.o(.text)
    ef_env_set_default                       0x0800c5db   Thumb Code   128  ef_env.o(.text)
    ef_print_env                             0x0800c6f5   Thumb Code    68  ef_env.o(.text)
    ef_load_env                              0x0800c89f   Thumb Code   106  ef_env.o(.text)
    ef_env_init                              0x0800c909   Thumb Code    74  ef_env.o(.text)
    ef_calc_crc32                            0x0800cbdd   Thumb Code    32  ef_utils.o(.text)
    tolower                                  0x0800cc01   Thumb Code    12  tolower.o(.text)
    localtime                                0x0800cc0d   Thumb Code     6  localtime_w.o(.text)
    _localtime                               0x0800cc19   Thumb Code     0  localtime_r.o(.text)
    localtime_r                              0x0800cc19   Thumb Code   134  localtime_r.o(.text)
    mktime                                   0x0800cca5   Thumb Code   150  mktime.o(.text)
    strftime                                 0x0800cd8d   Thumb Code   580  strftime.o(.text)
    __aeabi_memcpy                           0x0800d0e1   Thumb Code    36  memcpya.o(.text)
    __aeabi_memcpy4                          0x0800d0e1   Thumb Code     0  memcpya.o(.text)
    __aeabi_memcpy8                          0x0800d0e1   Thumb Code     0  memcpya.o(.text)
    __aeabi_memset                           0x0800d105   Thumb Code    14  memseta.o(.text)
    __aeabi_memset4                          0x0800d105   Thumb Code     0  memseta.o(.text)
    __aeabi_memset8                          0x0800d105   Thumb Code     0  memseta.o(.text)
    __aeabi_memclr                           0x0800d113   Thumb Code     4  memseta.o(.text)
    __aeabi_memclr4                          0x0800d113   Thumb Code     0  memseta.o(.text)
    __aeabi_memclr8                          0x0800d113   Thumb Code     0  memseta.o(.text)
    memset                                   0x0800d117   Thumb Code    18  memseta.o(.text)
    strcat                                   0x0800d129   Thumb Code    24  strcat.o(.text)
    strstr                                   0x0800d141   Thumb Code    36  strstr.o(.text)
    strncpy                                  0x0800d165   Thumb Code    24  strncpy.o(.text)
    strchr                                   0x0800d17d   Thumb Code    20  strchr.o(.text)
    strlen                                   0x0800d191   Thumb Code    14  strlen.o(.text)
    strcmp                                   0x0800d19f   Thumb Code    28  strcmp.o(.text)
    memcmp                                   0x0800d1bb   Thumb Code    26  memcmp.o(.text)
    strcpy                                   0x0800d1d5   Thumb Code    18  strcpy.o(.text)
    strncmp                                  0x0800d1e7   Thumb Code    30  strncmp.o(.text)
    strtoul                                  0x0800d205   Thumb Code   114  strtoul.o(.text)
    atoi                                     0x0800d277   Thumb Code    26  atoi.o(.text)
    atol                                     0x0800d291   Thumb Code    26  atol.o(.text)
    __aeabi_dadd                             0x0800d2ab   Thumb Code   322  dadd.o(.text)
    __aeabi_dsub                             0x0800d3ed   Thumb Code     6  dadd.o(.text)
    __aeabi_drsub                            0x0800d3f3   Thumb Code     6  dadd.o(.text)
    __aeabi_dmul                             0x0800d3f9   Thumb Code   228  dmul.o(.text)
    __aeabi_i2d                              0x0800d4dd   Thumb Code    34  dflti.o(.text)
    __aeabi_ui2d                             0x0800d4ff   Thumb Code    26  dfltui.o(.text)
    __aeabi_d2iz                             0x0800d519   Thumb Code    62  dfixi.o(.text)
    __aeabi_f2d                              0x0800d557   Thumb Code    38  f2d.o(.text)
    __aeabi_cdcmpeq                          0x0800d57d   Thumb Code     0  cdcmple.o(.text)
    __aeabi_cdcmple                          0x0800d57d   Thumb Code    48  cdcmple.o(.text)
    __aeabi_cdrcmple                         0x0800d5ad   Thumb Code    48  cdrcmple.o(.text)
    __aeabi_d2f                              0x0800d5dd   Thumb Code    56  d2f.o(.text)
    __aeabi_uidiv                            0x0800d615   Thumb Code     0  uidiv.o(.text)
    __aeabi_uidivmod                         0x0800d615   Thumb Code    44  uidiv.o(.text)
    __aeabi_uldivmod                         0x0800d641   Thumb Code    98  uldiv.o(.text)
    __aeabi_llsl                             0x0800d6a3   Thumb Code    30  llshl.o(.text)
    _ll_shift_l                              0x0800d6a3   Thumb Code     0  llshl.o(.text)
    __aeabi_llsr                             0x0800d6c1   Thumb Code    32  llushr.o(.text)
    _ll_ushift_r                             0x0800d6c1   Thumb Code     0  llushr.o(.text)
    __aeabi_lasr                             0x0800d6e1   Thumb Code    36  llsshr.o(.text)
    _ll_sshift_r                             0x0800d6e1   Thumb Code     0  llsshr.o(.text)
    __rt_ctype_table                         0x0800d705   Thumb Code     4  ctype_o.o(.text)
    isspace                                  0x0800d70d   Thumb Code    18  isspace_o.o(.text)
    _strtoul                                 0x0800d71f   Thumb Code   158  _strtoul.o(.text)
    __strtod_int                             0x0800d7f3   Thumb Code    90  strtod.o(.text)
    strtol                                   0x0800d859   Thumb Code   112  strtol.o(.text)
    __I$use$fp                               0x0800d8c9   Thumb Code     0  iusefp.o(.text)
    _float_round                             0x0800d8c9   Thumb Code    18  fepilogue.o(.text)
    _float_epilogue                          0x0800d8db   Thumb Code    92  fepilogue.o(.text)
    _double_round                            0x0800d937   Thumb Code    30  depilogue.o(.text)
    _double_epilogue                         0x0800d955   Thumb Code   156  depilogue.o(.text)
    __aeabi_ddiv                             0x0800d9f1   Thumb Code   222  ddiv.o(.text)
    __ARM_scalbn                             0x0800dacf   Thumb Code    46  dscalb.o(.text)
    scalbn                                   0x0800dacf   Thumb Code     0  dscalb.o(.text)
    __aeabi_d2ulz                            0x0800dafd   Thumb Code    48  dfixul.o(.text)
    __scatterload                            0x0800db2d   Thumb Code    28  init.o(.text)
    __scatterload_rt2                        0x0800db2d   Thumb Code     0  init.o(.text)
    _chval                                   0x0800db51   Thumb Code    28  _chval.o(.text)
    _scanf_real                              0x0800dc95   Thumb Code     0  scanf_fp.o(.text)
    _scanf_really_real                       0x0800dc95   Thumb Code   556  scanf_fp.o(.text)
    _sgetc                                   0x0800decd   Thumb Code    30  _sgetc.o(.text)
    _sbackspace                              0x0800deeb   Thumb Code    34  _sgetc.o(.text)
    _dsqrt                                   0x0800df0d   Thumb Code   162  dsqrt.o(.text)
    __aeabi_ul2d                             0x0800dfaf   Thumb Code    24  dfltul.o(.text)
    __decompress                             0x0800dfc7   Thumb Code     0  __dczerorl2.o(.text)
    __decompress1                            0x0800dfc7   Thumb Code    86  __dczerorl2.o(.text)
    __0printf                                0x0800e01d   Thumb Code    22  printfa.o(i.__0printf)
    __1printf                                0x0800e01d   Thumb Code     0  printfa.o(i.__0printf)
    __2printf                                0x0800e01d   Thumb Code     0  printfa.o(i.__0printf)
    __c89printf                              0x0800e01d   Thumb Code     0  printfa.o(i.__0printf)
    printf                                   0x0800e01d   Thumb Code     0  printfa.o(i.__0printf)
    __0snprintf                              0x0800e03d   Thumb Code    48  printfa.o(i.__0snprintf)
    __1snprintf                              0x0800e03d   Thumb Code     0  printfa.o(i.__0snprintf)
    __2snprintf                              0x0800e03d   Thumb Code     0  printfa.o(i.__0snprintf)
    __c89snprintf                            0x0800e03d   Thumb Code     0  printfa.o(i.__0snprintf)
    snprintf                                 0x0800e03d   Thumb Code     0  printfa.o(i.__0snprintf)
    __0sprintf                               0x0800e071   Thumb Code    34  printfa.o(i.__0sprintf)
    __1sprintf                               0x0800e071   Thumb Code     0  printfa.o(i.__0sprintf)
    __2sprintf                               0x0800e071   Thumb Code     0  printfa.o(i.__0sprintf)
    __c89sprintf                             0x0800e071   Thumb Code     0  printfa.o(i.__0sprintf)
    sprintf                                  0x0800e071   Thumb Code     0  printfa.o(i.__0sprintf)
    __0vsprintf                              0x0800e099   Thumb Code    30  printfa.o(i.__0vsprintf)
    __1vsprintf                              0x0800e099   Thumb Code     0  printfa.o(i.__0vsprintf)
    __2vsprintf                              0x0800e099   Thumb Code     0  printfa.o(i.__0vsprintf)
    __c89vsprintf                            0x0800e099   Thumb Code     0  printfa.o(i.__0vsprintf)
    vsprintf                                 0x0800e099   Thumb Code     0  printfa.o(i.__0vsprintf)
    __ARM_fpclassify                         0x0800e0bd   Thumb Code    48  fpclassify.o(i.__ARM_fpclassify)
    __aeabi_errno_addr                       0x0800e0ed   Thumb Code     4  errno.o(i.__aeabi_errno_addr)
    __rt_errno_addr                          0x0800e0ed   Thumb Code     0  errno.o(i.__aeabi_errno_addr)
    __hardfp_atof                            0x0800e0f9   Thumb Code    44  atof.o(i.__hardfp_atof)
    __hardfp_fabs                            0x0800e131   Thumb Code    20  fabs.o(i.__hardfp_fabs)
    __hardfp_floor                           0x0800e149   Thumb Code   252  floor.o(i.__hardfp_floor)
    __hardfp_pow                             0x0800e261   Thumb Code  3072  pow.o(i.__hardfp_pow)
    __kernel_poly                            0x0800eeb1   Thumb Code   248  poly.o(i.__kernel_poly)
    __mathlib_dbl_divzero                    0x0800efa9   Thumb Code    28  dunder.o(i.__mathlib_dbl_divzero)
    __mathlib_dbl_infnan2                    0x0800efd9   Thumb Code    20  dunder.o(i.__mathlib_dbl_infnan2)
    __mathlib_dbl_invalid                    0x0800eff1   Thumb Code    24  dunder.o(i.__mathlib_dbl_invalid)
    __mathlib_dbl_overflow                   0x0800f011   Thumb Code    24  dunder.o(i.__mathlib_dbl_overflow)
    __mathlib_dbl_underflow                  0x0800f031   Thumb Code    24  dunder.o(i.__mathlib_dbl_underflow)
    __read_errno                             0x0800f051   Thumb Code     6  errno.o(i.__read_errno)
    __scatterload_copy                       0x0800f05d   Thumb Code    14  handlers.o(i.__scatterload_copy)
    __scatterload_null                       0x0800f06b   Thumb Code     2  handlers.o(i.__scatterload_null)
    __scatterload_zeroinit                   0x0800f06d   Thumb Code    14  handlers.o(i.__scatterload_zeroinit)
    __set_errno                              0x0800f07d   Thumb Code     6  errno.o(i.__set_errno)
    _is_digit                                0x0800f20d   Thumb Code    14  scanf_fp.o(i._is_digit)
    fabs                                     0x0800f943   Thumb Code    24  fabs.o(i.fabs)
    free                                     0x0800f95d   Thumb Code    76  malloc.o(i.free)
    malloc                                   0x0800f9ad   Thumb Code    92  malloc.o(i.malloc)
    sqrt                                     0x0800fa19   Thumb Code   110  sqrt.o(i.sqrt)
    base64_chars                             0x0800fa86   Data          65  base64.o(.constdata)
    __mathlib_zero                           0x0800ffd8   Data           8  qnan.o(.constdata)
    __ctype_table                            0x0800ffe0   Data         129  ctype_o.o(.constdata)
    Region$$Table$$Base                      0x08010420   Number         0  anon$$obj.o(Region$$Table)
    Region$$Table$$Limit                     0x08010440   Number         0  anon$$obj.o(Region$$Table)
    SystemCoreClock                          0x20000000   Data           4  system_stm32f4xx.o(.data)
    AHBPrescTable                            0x20000004   Data          16  system_stm32f4xx.o(.data)
    queue_cnt                                0x20000014   Data           1  main.o(.data)
    time_nesting                             0x20000018   Data           4  main.o(.data)
    LVGL_mutex                               0x20000048   Data           4  main.o(.data)
    Usart1_mutex                             0x2000004c   Data           4  main.o(.data)
    Flash_mutex                              0x20000050   Data           4  main.o(.data)
    Eggbuf_mutex                             0x20000054   Data           4  main.o(.data)
    Usart_lcd_mutex                          0x20000058   Data           4  main.o(.data)
    Lora_mutex                               0x2000005c   Data           4  main.o(.data)
    g_egg_timestamp                          0x20000060   Data           4  main.o(.data)
    Lora_Buffer_Store_QueueHandle_t          0x20000064   Data           4  main.o(.data)
    Lora_Buffer_Send_QueueHandle_t           0x20000068   Data           4  main.o(.data)
    Lora_Buffer_LastSend_QueueHandle_t       0x2000006c   Data           4  main.o(.data)
    last_delate_time                         0x20000070   Data           4  main.o(.data)
    goose_queue                              0x20000074   Data           8  main.o(.data)
    egg_queue                                0x2000007c   Data           8  main.o(.data)
    usart1_bufcnt                            0x20000094   Data           1  bsp_usart.o(.data)
    read_cnt                                 0x20000095   Data           1  rfid_r200.o(.data)
    rfid_react                               0x20000096   Data           1  rfid_r200.o(.data)
    card_cnt                                 0x20000098   Data           1  rfid_r200.o(.data)
    RFID_Panel_Read_cmd                      0x20000099   Data           7  rfid_r200.o(.data)
    RFID_Panel_Get_version_cmd               0x200000a0   Data           7  rfid_r200.o(.data)
    Egg_Queue_Flag                           0x200000a8   Data           1  spi_flash.o(.data)
    usart_lcd_react                          0x200000b0   Data           1  usart_lcd.o(.data)
    usart_lcd_rev_buf_cnt                    0x200000b2   Data           1  usart_lcd.o(.data)
    page_now                                 0x200000b3   Data           1  usart_lcd.o(.data)
    crc_flag                                 0x200000b4   Data           1  usart_lcd.o(.data)
    page_name                                0x200000b8   Data          28  usart_lcd.o(.data)
    step1                                    0x200000d4   Data          16  step_motor.o(.data)
    Step1_Key                                0x200000e4   Data           8  stop_key.o(.data)
    TakeEgg_Key                              0x200000ec   Data           8  stop_key.o(.data)
    data_length                              0x200000f5   Data           1  base64.o(.data)
    Lora_Flag                                0x200000f6   Data           1  lora.o(.data)
    Lora_GetTime_Buff                        0x200000f7   Data          41  lora.o(.data)
    pxCurrentTCB                             0x20000120   Data           4  tasks.o(.data)
    uxTopUsedPriority                        0x20000150   Data           4  tasks.o(.data)
    s2jHook                                  0x200001a8   Data           8  s2j.o(.data)
    __stdout                                 0x200001c4   Data           4  stdout.o(.data)
    __microlib_freelist                      0x200001c8   Data           4  mvars.o(.data)
    __microlib_freelist_initialised          0x200001cc   Data           4  mvars.o(.data)
    es                                       0x200001d4   Data          16  main.o(.bss)
    queue                                    0x200001e4   Data         288  main.o(.bss)
    qr_buf                                   0x20000304   Data         150  main.o(.bss)
    dev                                      0x2000039a   Data          19  main.o(.bss)
    Lora_Buffer_Temp                         0x200003d4   Data          44  main.o(.bss)
    usart1_buf                               0x20000400   Data         256  bsp_usart.o(.bss)
    RFID_usart_buf                           0x20000500   Data         256  rfid_r200.o(.bss)
    RFID_ID_buf                              0x20000600   Data         120  rfid_r200.o(.bss)
    empty_id                                 0x20000678   Data          12  rfid_r200.o(.bss)
    id_neglect                               0x20000684   Data          12  rfid_r200.o(.bss)
    egg_queue_array                          0x20000690   Data        2804  spi_flash.o(.bss)
    usart_lcd_send_buf                       0x20001184   Data         256  usart_lcd.o(.bss)
    usart_lcd_rev_buf                        0x20001284   Data         256  usart_lcd.o(.bss)
    eggs                                     0x20001384   Data         144  base64.o(.bss)
    Lora_SetNID                              0x20001414   Data          20  lora.o(.bss)
    Lora_Tx_Buf                              0x20001428   Data         200  lora.o(.bss)
    Lora_Struct                              0x200014f0   Data         204  lora.o(.bss)
    Lora_NID                                 0x200015bc   Data          10  lora.o(.bss)
    takeegg_buffer                           0x200015c8   Data          44  lora.o(.bss)
    xQueueRegistry                           0x20001968   Data          80  queue.o(.bss)
    env_cache_table                          0x20008d44   Data         128  ef_env.o(.bss)
    sector_cache_table                       0x20008dc4   Data          32  ef_env.o(.bss)
    __heap_base                              0x20008ee8   Data           0  startup_stm32f40xx.o(HEAP)
    __heap_limit                             0x200090e8   Data           0  startup_stm32f40xx.o(HEAP)
    __initial_sp                             0x200110e8   Data           0  startup_stm32f40xx.o(STACK)



==============================================================================

Memory Map of the image

  Image Entry point : 0x08000189

  Load Region LR_IROM1 (Base: 0x08000000, Size: 0x00010614, Max: 0x00080000, ABSOLUTE, COMPRESSED[0x000104c4])

    Execution Region ER_IROM1 (Exec base: 0x08000000, Load base: 0x08000000, Size: 0x00010440, Max: 0x00080000, ABSOLUTE)

    Exec Addr    Load Addr    Size         Type   Attr      Idx    E Section Name        Object

    0x08000000   0x08000000   0x00000188   Data   RO            3    RESET               startup_stm32f40xx.o
    0x08000188   0x08000188   0x00000000   Code   RO         2698  * .ARM.Collect$$$$00000000  mc_w.l(entry.o)
    0x08000188   0x08000188   0x00000004   Code   RO         3090    .ARM.Collect$$$$00000001  mc_w.l(entry2.o)
    0x0800018c   0x0800018c   0x00000004   Code   RO         3093    .ARM.Collect$$$$00000004  mc_w.l(entry5.o)
    0x08000190   0x08000190   0x00000000   Code   RO         3095    .ARM.Collect$$$$00000008  mc_w.l(entry7b.o)
    0x08000190   0x08000190   0x00000000   Code   RO         3097    .ARM.Collect$$$$0000000A  mc_w.l(entry8b.o)
    0x08000190   0x08000190   0x00000008   Code   RO         3098    .ARM.Collect$$$$0000000B  mc_w.l(entry9a.o)
    0x08000198   0x08000198   0x00000004   Code   RO         3105    .ARM.Collect$$$$0000000E  mc_w.l(entry12b.o)
    0x0800019c   0x0800019c   0x00000000   Code   RO         3100    .ARM.Collect$$$$0000000F  mc_w.l(entry10a.o)
    0x0800019c   0x0800019c   0x00000000   Code   RO         3102    .ARM.Collect$$$$00000011  mc_w.l(entry11a.o)
    0x0800019c   0x0800019c   0x00000004   Code   RO         3091    .ARM.Collect$$$$00002712  mc_w.l(entry2.o)
    0x080001a0   0x080001a0   0x00000096   Code   RO         2373    .emb_text           port.o
    0x08000236   0x08000236   0x00000002   PAD
    0x08000238   0x08000238   0x0000004c   Code   RO            4    .text               startup_stm32f40xx.o
    0x08000284   0x08000284   0x0000017c   Code   RO           13    .text               system_stm32f4xx.o
    0x08000400   0x08000400   0x00001790   Code   RO          144    .text               main.o
    0x08001b90   0x08001b90   0x0000000c   Code   RO          419    .text               stm32f4xx_it.o
    0x08001b9c   0x08001b9c   0x000000b0   Code   RO          450    .text               misc.o
    0x08001c4c   0x08001c4c   0x00000238   Code   RO          952    .text               stm32f4xx_gpio.o
    0x08001e84   0x08001e84   0x00000114   Code   RO         1144    .text               stm32f4xx_pwr.o
    0x08001f98   0x08001f98   0x00000480   Code   RO         1189    .text               stm32f4xx_rcc.o
    0x08002418   0x08002418   0x00000a50   Code   RO         1239    .text               stm32f4xx_rtc.o
    0x08002e68   0x08002e68   0x00000348   Code   RO         1336    .text               stm32f4xx_spi.o
    0x080031b0   0x080031b0   0x000009dc   Code   RO         1384    .text               stm32f4xx_tim.o
    0x08003b8c   0x08003b8c   0x00000358   Code   RO         1409    .text               stm32f4xx_usart.o
    0x08003ee4   0x08003ee4   0x0000004a   Code   RO         1457    .text               delay.o
    0x08003f2e   0x08003f2e   0x00000002   PAD
    0x08003f30   0x08003f30   0x00000314   Code   RO         1485    .text               bsp_usart.o
    0x08004244   0x08004244   0x00000424   Code   RO         1581    .text               rfid_r200.o
    0x08004668   0x08004668   0x00000494   Code   RO         1705    .text               bsp_rtc.o
    0x08004afc   0x08004afc   0x00000034   Code   RO         1738    .text               iwdg.o
    0x08004b30   0x08004b30   0x00000a08   Code   RO         1762    .text               spi_flash.o
    0x08005538   0x08005538   0x00000618   Code   RO         1842    .text               usart_lcd.o
    0x08005b50   0x08005b50   0x00000288   Code   RO         1887    .text               step_motor.o
    0x08005dd8   0x08005dd8   0x00000268   Code   RO         1917    .text               stop_key.o
    0x08006040   0x08006040   0x000000a0   Code   RO         1948    .text               duoji.o
    0x080060e0   0x080060e0   0x00000078   Code   RO         1975    .text               key.o
    0x08006158   0x08006158   0x00000258   Code   RO         2028    .text               base64.o
    0x080063b0   0x080063b0   0x0000095c   Code   RO         2057    .text               lora.o
    0x08006d0c   0x08006d0c   0x0000008a   Code   RO         2196    .text               list.o
    0x08006d96   0x08006d96   0x00000002   PAD
    0x08006d98   0x08006d98   0x00000d20   Code   RO         2223    .text               queue.o
    0x08007ab8   0x08007ab8   0x00001748   Code   RO         2299    .text               tasks.o
    0x08009200   0x08009200   0x0000057c   Code   RO         2343    .text               timers.o
    0x0800977c   0x0800977c   0x0000023c   Code   RO         2374    .text               port.o
    0x080099b8   0x080099b8   0x00000294   Code   RO         2415    .text               heap_4.o
    0x08009c4c   0x08009c4c   0x0000058c   Code   RO         2442    .text               ef_types.o
    0x0800a1d8   0x0800a1d8   0x000015f0   Code   RO         2486    .text               cjson.o
    0x0800b7c8   0x0800b7c8   0x00000034   Code   RO         2528    .text               s2j.o
    0x0800b7fc   0x0800b7fc   0x000000c8   Code   RO         2555    .text               ef_port.o
    0x0800b8c4   0x0800b8c4   0x000000a0   Code   RO         2595    .text               easyflash.o
    0x0800b964   0x0800b964   0x00001278   Code   RO         2609    .text               ef_env.o
    0x0800cbdc   0x0800cbdc   0x00000024   Code   RO         2650    .text               ef_utils.o
    0x0800cc00   0x0800cc00   0x0000000c   Code   RO         2701    .text               mc_w.l(tolower.o)
    0x0800cc0c   0x0800cc0c   0x0000000c   Code   RO         2707    .text               mc_w.l(localtime_w.o)
    0x0800cc18   0x0800cc18   0x0000008c   Code   RO         2710    .text               mc_w.l(localtime_r.o)
    0x0800cca4   0x0800cca4   0x000000a8   Code   RO         2713    .text               mc_w.l(mktime.o)
    0x0800cd4c   0x0800cd4c   0x00000394   Code   RO         2716    .text               mc_w.l(strftime.o)
    0x0800d0e0   0x0800d0e0   0x00000024   Code   RO         2722    .text               mc_w.l(memcpya.o)
    0x0800d104   0x0800d104   0x00000024   Code   RO         2726    .text               mc_w.l(memseta.o)
    0x0800d128   0x0800d128   0x00000018   Code   RO         2728    .text               mc_w.l(strcat.o)
    0x0800d140   0x0800d140   0x00000024   Code   RO         2730    .text               mc_w.l(strstr.o)
    0x0800d164   0x0800d164   0x00000018   Code   RO         2732    .text               mc_w.l(strncpy.o)
    0x0800d17c   0x0800d17c   0x00000014   Code   RO         2734    .text               mc_w.l(strchr.o)
    0x0800d190   0x0800d190   0x0000000e   Code   RO         2736    .text               mc_w.l(strlen.o)
    0x0800d19e   0x0800d19e   0x0000001c   Code   RO         2738    .text               mc_w.l(strcmp.o)
    0x0800d1ba   0x0800d1ba   0x0000001a   Code   RO         2740    .text               mc_w.l(memcmp.o)
    0x0800d1d4   0x0800d1d4   0x00000012   Code   RO         2742    .text               mc_w.l(strcpy.o)
    0x0800d1e6   0x0800d1e6   0x0000001e   Code   RO         2744    .text               mc_w.l(strncmp.o)
    0x0800d204   0x0800d204   0x00000072   Code   RO         3037    .text               mc_w.l(strtoul.o)
    0x0800d276   0x0800d276   0x0000001a   Code   RO         3039    .text               mc_w.l(atoi.o)
    0x0800d290   0x0800d290   0x0000001a   Code   RO         3041    .text               mc_w.l(atol.o)
    0x0800d2aa   0x0800d2aa   0x0000014e   Code   RO         3043    .text               mf_w.l(dadd.o)
    0x0800d3f8   0x0800d3f8   0x000000e4   Code   RO         3045    .text               mf_w.l(dmul.o)
    0x0800d4dc   0x0800d4dc   0x00000022   Code   RO         3047    .text               mf_w.l(dflti.o)
    0x0800d4fe   0x0800d4fe   0x0000001a   Code   RO         3049    .text               mf_w.l(dfltui.o)
    0x0800d518   0x0800d518   0x0000003e   Code   RO         3051    .text               mf_w.l(dfixi.o)
    0x0800d556   0x0800d556   0x00000026   Code   RO         3053    .text               mf_w.l(f2d.o)
    0x0800d57c   0x0800d57c   0x00000030   Code   RO         3055    .text               mf_w.l(cdcmple.o)
    0x0800d5ac   0x0800d5ac   0x00000030   Code   RO         3057    .text               mf_w.l(cdrcmple.o)
    0x0800d5dc   0x0800d5dc   0x00000038   Code   RO         3059    .text               mf_w.l(d2f.o)
    0x0800d614   0x0800d614   0x0000002c   Code   RO         3107    .text               mc_w.l(uidiv.o)
    0x0800d640   0x0800d640   0x00000062   Code   RO         3109    .text               mc_w.l(uldiv.o)
    0x0800d6a2   0x0800d6a2   0x0000001e   Code   RO         3111    .text               mc_w.l(llshl.o)
    0x0800d6c0   0x0800d6c0   0x00000020   Code   RO         3113    .text               mc_w.l(llushr.o)
    0x0800d6e0   0x0800d6e0   0x00000024   Code   RO         3115    .text               mc_w.l(llsshr.o)
    0x0800d704   0x0800d704   0x00000008   Code   RO         3117    .text               mc_w.l(ctype_o.o)
    0x0800d70c   0x0800d70c   0x00000012   Code   RO         3139    .text               mc_w.l(isspace_o.o)
    0x0800d71e   0x0800d71e   0x0000009e   Code   RO         3157    .text               mc_w.l(_strtoul.o)
    0x0800d7bc   0x0800d7bc   0x0000009c   Code   RO         3159    .text               mc_w.l(strtod.o)
    0x0800d858   0x0800d858   0x00000070   Code   RO         3161    .text               mc_w.l(strtol.o)
    0x0800d8c8   0x0800d8c8   0x00000000   Code   RO         3163    .text               mc_w.l(iusefp.o)
    0x0800d8c8   0x0800d8c8   0x0000006e   Code   RO         3164    .text               mf_w.l(fepilogue.o)
    0x0800d936   0x0800d936   0x000000ba   Code   RO         3166    .text               mf_w.l(depilogue.o)
    0x0800d9f0   0x0800d9f0   0x000000de   Code   RO         3168    .text               mf_w.l(ddiv.o)
    0x0800dace   0x0800dace   0x0000002e   Code   RO         3172    .text               mf_w.l(dscalb.o)
    0x0800dafc   0x0800dafc   0x00000030   Code   RO         3174    .text               mf_w.l(dfixul.o)
    0x0800db2c   0x0800db2c   0x00000024   Code   RO         3176    .text               mc_w.l(init.o)
    0x0800db50   0x0800db50   0x0000001c   Code   RO         3180    .text               mc_w.l(_chval.o)
    0x0800db6c   0x0800db6c   0x00000360   Code   RO         3182    .text               mc_w.l(scanf_fp.o)
    0x0800decc   0x0800decc   0x00000040   Code   RO         3186    .text               mc_w.l(_sgetc.o)
    0x0800df0c   0x0800df0c   0x000000a2   Code   RO         3188    .text               mf_w.l(dsqrt.o)
    0x0800dfae   0x0800dfae   0x00000018   Code   RO         3193    .text               mf_w.l(dfltul.o)
    0x0800dfc6   0x0800dfc6   0x00000056   Code   RO         3203    .text               mc_w.l(__dczerorl2.o)
    0x0800e01c   0x0800e01c   0x00000020   Code   RO         2981    i.__0printf         mc_w.l(printfa.o)
    0x0800e03c   0x0800e03c   0x00000034   Code   RO         2982    i.__0snprintf       mc_w.l(printfa.o)
    0x0800e070   0x0800e070   0x00000028   Code   RO         2983    i.__0sprintf        mc_w.l(printfa.o)
    0x0800e098   0x0800e098   0x00000024   Code   RO         2987    i.__0vsprintf       mc_w.l(printfa.o)
    0x0800e0bc   0x0800e0bc   0x00000030   Code   RO         2682    i.__ARM_fpclassify  m_wm.l(fpclassify.o)
    0x0800e0ec   0x0800e0ec   0x00000008   Code   RO         3150    i.__aeabi_errno_addr  mc_w.l(errno.o)
    0x0800e0f4   0x0800e0f4   0x00000004   PAD
    0x0800e0f8   0x0800e0f8   0x00000038   Code   RO         2664    i.__hardfp_atof     m_wm.l(atof.o)
    0x0800e130   0x0800e130   0x00000014   Code   RO         2670    i.__hardfp_fabs     m_wm.l(fabs.o)
    0x0800e144   0x0800e144   0x00000004   PAD
    0x0800e148   0x0800e148   0x00000118   Code   RO         2676    i.__hardfp_floor    m_wm.l(floor.o)
    0x0800e260   0x0800e260   0x00000c50   Code   RO         2684    i.__hardfp_pow      m_wm.l(pow.o)
    0x0800eeb0   0x0800eeb0   0x000000f8   Code   RO         3075    i.__kernel_poly     m_wm.l(poly.o)
    0x0800efa8   0x0800efa8   0x00000030   Code   RO         3061    i.__mathlib_dbl_divzero  m_wm.l(dunder.o)
    0x0800efd8   0x0800efd8   0x00000014   Code   RO         3063    i.__mathlib_dbl_infnan2  m_wm.l(dunder.o)
    0x0800efec   0x0800efec   0x00000004   PAD
    0x0800eff0   0x0800eff0   0x00000020   Code   RO         3064    i.__mathlib_dbl_invalid  m_wm.l(dunder.o)
    0x0800f010   0x0800f010   0x00000020   Code   RO         3065    i.__mathlib_dbl_overflow  m_wm.l(dunder.o)
    0x0800f030   0x0800f030   0x00000020   Code   RO         3067    i.__mathlib_dbl_underflow  m_wm.l(dunder.o)
    0x0800f050   0x0800f050   0x0000000c   Code   RO         3151    i.__read_errno      mc_w.l(errno.o)
    0x0800f05c   0x0800f05c   0x0000000e   Code   RO         3197    i.__scatterload_copy  mc_w.l(handlers.o)
    0x0800f06a   0x0800f06a   0x00000002   Code   RO         3198    i.__scatterload_null  mc_w.l(handlers.o)
    0x0800f06c   0x0800f06c   0x0000000e   Code   RO         3199    i.__scatterload_zeroinit  mc_w.l(handlers.o)
    0x0800f07a   0x0800f07a   0x00000002   PAD
    0x0800f07c   0x0800f07c   0x0000000c   Code   RO         3152    i.__set_errno       mc_w.l(errno.o)
    0x0800f088   0x0800f088   0x00000184   Code   RO         2988    i._fp_digits        mc_w.l(printfa.o)
    0x0800f20c   0x0800f20c   0x0000000e   Code   RO         3184    i._is_digit         mc_w.l(scanf_fp.o)
    0x0800f21a   0x0800f21a   0x00000002   PAD
    0x0800f21c   0x0800f21c   0x000006b4   Code   RO         2989    i._printf_core      mc_w.l(printfa.o)
    0x0800f8d0   0x0800f8d0   0x00000024   Code   RO         2990    i._printf_post_padding  mc_w.l(printfa.o)
    0x0800f8f4   0x0800f8f4   0x0000002e   Code   RO         2991    i._printf_pre_padding  mc_w.l(printfa.o)
    0x0800f922   0x0800f922   0x00000016   Code   RO         2992    i._snputc           mc_w.l(printfa.o)
    0x0800f938   0x0800f938   0x0000000a   Code   RO         2993    i._sputc            mc_w.l(printfa.o)
    0x0800f942   0x0800f942   0x00000018   Code   RO         2672    i.fabs              m_wm.l(fabs.o)
    0x0800f95a   0x0800f95a   0x00000002   PAD
    0x0800f95c   0x0800f95c   0x00000050   Code   RO         3009    i.free              mc_w.l(malloc.o)
    0x0800f9ac   0x0800f9ac   0x0000006c   Code   RO         3010    i.malloc            mc_w.l(malloc.o)
    0x0800fa18   0x0800fa18   0x0000006e   Code   RO         3080    i.sqrt              m_wm.l(sqrt.o)
    0x0800fa86   0x0800fa86   0x00000041   Data   RO         2030    .constdata          base64.o
    0x0800fac7   0x0800fac7   0x00000007   Data   RO         2487    .constdata          cjson.o
    0x0800face   0x0800face   0x00000002   PAD
    0x0800fad0   0x0800fad0   0x0000000c   Data   RO         2557    .constdata          ef_port.o
    0x0800fadc   0x0800fadc   0x00000400   Data   RO         2651    .constdata          ef_utils.o
    0x0800fedc   0x0800fedc   0x00000004   PAD
    0x0800fee0   0x0800fee0   0x00000088   Data   RO         2687    .constdata          m_wm.l(pow.o)
    0x0800ff68   0x0800ff68   0x0000000c   Data   RO         2711    .constdata          mc_w.l(localtime_r.o)
    0x0800ff74   0x0800ff74   0x0000000c   Data   RO         2714    .constdata          mc_w.l(mktime.o)
    0x0800ff80   0x0800ff80   0x00000056   Data   RO         2717    .constdata          mc_w.l(strftime.o)
    0x0800ffd6   0x0800ffd6   0x00000002   PAD
    0x0800ffd8   0x0800ffd8   0x00000008   Data   RO         3077    .constdata          m_wm.l(qnan.o)
    0x0800ffe0   0x0800ffe0   0x00000081   Data   RO         3118    .constdata          mc_w.l(ctype_o.o)
    0x08010061   0x08010061   0x00000003   PAD
    0x08010064   0x08010064   0x00000004   Data   RO         3119    .constdata          mc_w.l(ctype_o.o)
    0x08010068   0x08010068   0x00000088   Data   RO          146    .conststring        main.o
    0x080100f0   0x080100f0   0x000000f2   Data   RO         1764    .conststring        spi_flash.o
    0x080101e2   0x080101e2   0x00000002   PAD
    0x080101e4   0x080101e4   0x0000014f   Data   RO         1844    .conststring        usart_lcd.o
    0x08010333   0x08010333   0x00000001   PAD
    0x08010334   0x08010334   0x0000000f   Data   RO         2558    .conststring        ef_port.o
    0x08010343   0x08010343   0x00000001   PAD
    0x08010344   0x08010344   0x00000049   Data   RO         2596    .conststring        easyflash.o
    0x0801038d   0x0801038d   0x00000003   PAD
    0x08010390   0x08010390   0x0000008f   Data   RO         2611    .conststring        ef_env.o
    0x0801041f   0x0801041f   0x00000001   PAD
    0x08010420   0x08010420   0x00000020   Data   RO         3195    Region$$Table       anon$$obj.o


    Execution Region RW_IRAM1 (Exec base: 0x20000000, Load base: 0x08010440, Size: 0x000110e8, Max: 0x00020000, ABSOLUTE, COMPRESSED[0x00000084])

    Exec Addr    Load Addr    Size         Type   Attr      Idx    E Section Name        Object

    0x20000000   COMPRESSED   0x00000014   Data   RW           14    .data               system_stm32f4xx.o
    0x20000014   COMPRESSED   0x00000070   Data   RW          149    .data               main.o
    0x20000084   COMPRESSED   0x00000010   Data   RW         1190    .data               stm32f4xx_rcc.o
    0x20000094   COMPRESSED   0x00000001   Data   RW         1487    .data               bsp_usart.o
    0x20000095   COMPRESSED   0x00000012   Data   RW         1583    .data               rfid_r200.o
    0x200000a7   COMPRESSED   0x00000001   PAD
    0x200000a8   COMPRESSED   0x00000008   Data   RW         1766    .data               spi_flash.o
    0x200000b0   COMPRESSED   0x00000024   Data   RW         1845    .data               usart_lcd.o
    0x200000d4   COMPRESSED   0x00000010   Data   RW         1888    .data               step_motor.o
    0x200000e4   COMPRESSED   0x00000010   Data   RW         1918    .data               stop_key.o
    0x200000f4   COMPRESSED   0x00000001   Data   RW         1976    .data               key.o
    0x200000f5   COMPRESSED   0x00000001   Data   RW         2031    .data               base64.o
    0x200000f6   COMPRESSED   0x0000002a   Data   RW         2061    .data               lora.o
    0x20000120   COMPRESSED   0x00000040   Data   RW         2301    .data               tasks.o
    0x20000160   COMPRESSED   0x00000014   Data   RW         2345    .data               timers.o
    0x20000174   COMPRESSED   0x0000000c   Data   RW         2375    .data               port.o
    0x20000180   COMPRESSED   0x0000001c   Data   RW         2417    .data               heap_4.o
    0x2000019c   COMPRESSED   0x0000000c   Data   RW         2488    .data               cjson.o
    0x200001a8   COMPRESSED   0x00000008   Data   RW         2529    .data               s2j.o
    0x200001b0   COMPRESSED   0x00000001   Data   RW         2597    .data               easyflash.o
    0x200001b1   COMPRESSED   0x00000003   PAD
    0x200001b4   COMPRESSED   0x00000010   Data   RW         2612    .data               ef_env.o
    0x200001c4   COMPRESSED   0x00000004   Data   RW         3106    .data               mc_w.l(stdout.o)
    0x200001c8   COMPRESSED   0x00000004   Data   RW         3148    .data               mc_w.l(mvars.o)
    0x200001cc   COMPRESSED   0x00000004   Data   RW         3149    .data               mc_w.l(mvars.o)
    0x200001d0   COMPRESSED   0x00000004   Data   RW         3153    .data               mc_w.l(errno.o)
    0x200001d4        -       0x0000022c   Zero   RW          145    .bss                main.o
    0x20000400        -       0x00000100   Zero   RW         1486    .bss                bsp_usart.o
    0x20000500        -       0x00000190   Zero   RW         1582    .bss                rfid_r200.o
    0x20000690        -       0x00000af4   Zero   RW         1763    .bss                spi_flash.o
    0x20001184        -       0x00000200   Zero   RW         1843    .bss                usart_lcd.o
    0x20001384        -       0x00000090   Zero   RW         2029    .bss                base64.o
    0x20001414        -       0x00000554   Zero   RW         2058    .bss                lora.o
    0x20001968        -       0x00000050   Zero   RW         2224    .bss                queue.o
    0x200019b8        -       0x000002e4   Zero   RW         2300    .bss                tasks.o
    0x20001c9c        -       0x00000028   Zero   RW         2344    .bss                timers.o
    0x20001cc4        -       0x00007000   Zero   RW         2416    .bss                heap_4.o
    0x20008cc4        -       0x00000080   Zero   RW         2556    .bss                ef_port.o
    0x20008d44        -       0x00000174   Zero   RW         2610    .bss                ef_env.o
    0x20008eb8        -       0x0000002c   Zero   RW         2708    .bss                mc_w.l(localtime_w.o)
    0x20008ee4   COMPRESSED   0x00000004   PAD
    0x20008ee8        -       0x00000200   Zero   RW            2    HEAP                startup_stm32f40xx.o
    0x200090e8        -       0x00008000   Zero   RW            1    STACK               startup_stm32f40xx.o


==============================================================================

Image component sizes


      Code (inc. data)   RO Data    RW Data    ZI Data      Debug   Object Name

       600         96         65          1        144       2850   base64.o
      1172        208          0          0          0       4450   bsp_rtc.o
       788        238          0          1        256      25574   bsp_usart.o
      5616        202          7         12          0      31093   cjson.o
         0          0          0          0          0       1984   croutine.o
        74          0          0          0          0       1728   delay.o
       160          8          0          0          0        976   duoji.o
       160         92         73          1          0       1465   easyflash.o
      4728        490        143         16        372      26665   ef_env.o
       200         28         27          0        128       3824   ef_port.o
      1420        206          0          0          0      20292   ef_types.o
        36          4       1024          0          0       1768   ef_utils.o
         0          0          0          0          0      15332   event_groups.o
       660         68          0         28      28672       5583   heap_4.o
        52          6          0          0          0        854   iwdg.o
       120          8          0          1          0        972   key.o
       138          0          0          0          0       2406   list.o
      2396        568          0         42       1364       9476   lora.o
      6032       1810        136        112        556     281570   main.o
       176         12          0          0          0       2317   misc.o
       722         94          0         12          0       8767   port.o
      3360         54          0          0         80      21195   queue.o
      1060        172          0         18        400       9693   rfid_r200.o
        52         12          0          8          0       6429   s2j.o
      2568        748        242          8       2804      13322   spi_flash.o
        76         18        392          0      33280       1024   startup_stm32f40xx.o
       648         12          0         16          0       4295   step_motor.o
       568         44          0          0          0       4893   stm32f4xx_gpio.o
        12          0          0          0          0       1135   stm32f4xx_it.o
       276         12          0          0          0       3630   stm32f4xx_pwr.o
      1152         48          0         16          0      13940   stm32f4xx_rcc.o
      2640         40          0          0          0      16690   stm32f4xx_rtc.o
       840         38          0          0          0       7817   stm32f4xx_spi.o
      2524         52          0          0          0      23422   stm32f4xx_tim.o
       856         32          0          0          0       8556   stm32f4xx_usart.o
       616         84          0         16          0       2984   stop_key.o
         0          0          0          0          0       1852   stream_buffer.o
       380         36          0         20          0     318363   system_stm32f4xx.o
      5960        194          0         64        740      39186   tasks.o
      1404        126          0         20         40      13397   timers.o
      1560        446        335         36        512       7757   usart_lcd.o

    ----------------------------------------------------------------------
     51808       6306       2490        452      69348     969526   Object Totals
         0          0         32          0          0          0   (incl. Generated)
         6          0         14          4          0          0   (incl. Padding)

    ----------------------------------------------------------------------

      Code (inc. data)   RO Data    RW Data    ZI Data      Debug   Library Member Name

        56         12          0          0          0        132   atof.o
       164         44          0          0          0        620   dunder.o
        44          0          0          0          0        248   fabs.o
       280         28          0          0          0        156   floor.o
        48          0          0          0          0        124   fpclassify.o
       248          0          0          0          0        152   poly.o
      3152        296        136          0          0        352   pow.o
         0          0          8          0          0          0   qnan.o
       110          0          0          0          0        148   sqrt.o
        86          0          0          0          0          0   __dczerorl2.o
        28          0          0          0          0         68   _chval.o
        64          0          0          0          0         84   _sgetc.o
       158          0          0          0          0         92   _strtoul.o
        26          0          0          0          0         80   atoi.o
        26          0          0          0          0         80   atol.o
         8          4        133          0          0         68   ctype_o.o
         0          0          0          0          0          0   entry.o
         0          0          0          0          0          0   entry10a.o
         0          0          0          0          0          0   entry11a.o
         4          0          0          0          0          0   entry12b.o
         8          4          0          0          0          0   entry2.o
         4          0          0          0          0          0   entry5.o
         0          0          0          0          0          0   entry7b.o
         0          0          0          0          0          0   entry8b.o
         8          4          0          0          0          0   entry9a.o
        32         16          0          4          0        204   errno.o
        30          0          0          0          0          0   handlers.o
        36          8          0          0          0         68   init.o
        18          0          0          0          0         76   isspace_o.o
         0          0          0          0          0          0   iusefp.o
        30          0          0          0          0         68   llshl.o
        36          0          0          0          0         68   llsshr.o
        32          0          0          0          0         68   llushr.o
       140          6         12          0          0         76   localtime_r.o
        12          6          0          0         44         68   localtime_w.o
       188         20          0          0          0        160   malloc.o
        26          0          0          0          0         80   memcmp.o
        36          0          0          0          0         68   memcpya.o
        36          0          0          0          0        108   memseta.o
       168         18         12          0          0         80   mktime.o
         0          0          0          8          0          0   mvars.o
      2378        106          0          0          0        852   printfa.o
       878         12          0          0          0        216   scanf_fp.o
         0          0          0          4          0          0   stdout.o
        24          0          0          0          0         68   strcat.o
        20          0          0          0          0         68   strchr.o
        28          0          0          0          0         76   strcmp.o
        18          0          0          0          0         68   strcpy.o
       916        264         86          0          0        144   strftime.o
        14          0          0          0          0         68   strlen.o
        30          0          0          0          0         80   strncmp.o
        24          0          0          0          0         76   strncpy.o
        36          0          0          0          0         80   strstr.o
       156         12          0          0          0        120   strtod.o
       112          0          0          0          0         88   strtol.o
       114          0          0          0          0         92   strtoul.o
        12          0          0          0          0         68   tolower.o
        44          0          0          0          0         80   uidiv.o
        98          0          0          0          0         92   uldiv.o
        48          0          0          0          0         68   cdcmple.o
        48          0          0          0          0         68   cdrcmple.o
        56          0          0          0          0         88   d2f.o
       334          0          0          0          0        148   dadd.o
       222          0          0          0          0        100   ddiv.o
       186          0          0          0          0        176   depilogue.o
        62          0          0          0          0         80   dfixi.o
        48          0          0          0          0         68   dfixul.o
        34          0          0          0          0         76   dflti.o
        26          0          0          0          0         76   dfltui.o
        24          0          0          0          0         76   dfltul.o
       228          0          0          0          0         96   dmul.o
        46          0          0          0          0         80   dscalb.o
       162          0          0          0          0        100   dsqrt.o
        38          0          0          0          0         68   f2d.o
       110          0          0          0          0        168   fepilogue.o

    ----------------------------------------------------------------------
     11934        864        392         16         48       7468   Library Totals
        18          4          5          0          4          0   (incl. Padding)

    ----------------------------------------------------------------------

      Code (inc. data)   RO Data    RW Data    ZI Data      Debug   Library Name

      4102        380        144          0          0       1932   m_wm.l
      6142        480        243         16         44       4000   mc_w.l
      1672          0          0          0          0       1536   mf_w.l

    ----------------------------------------------------------------------
     11934        864        392         16         48       7468   Library Totals

    ----------------------------------------------------------------------

==============================================================================


      Code (inc. data)   RO Data    RW Data    ZI Data      Debug   

     63742       7170       2882        468      69396     964406   Grand Totals
     63742       7170       2882        132      69396     964406   ELF Image Totals (compressed)
     63742       7170       2882        132          0          0   ROM Totals

==============================================================================

    Total RO  Size (Code + RO Data)                66624 (  65.06kB)
    Total RW  Size (RW Data + ZI Data)             69864 (  68.23kB)
    Total ROM Size (Code + RO Data + RW Data)      66756 (  65.19kB)

==============================================================================

